******************************************************************************
             TMS320C2000 Linker PC v16.9.3                     
******************************************************************************
>> Linked Thu Aug 10 11:28:16 2017

OUTPUT FILE NAME:   <proj_lab03a.out>
ENTRY POINT SYMBOL: "_c_int00"  address: 0000b153


MEMORY CONFIGURATION

         name            origin    length      used     unused   attr    fill
----------------------  --------  ---------  --------  --------  ----  --------
PAGE 0:
  BEGIN                 00000000   00000002  00000002  00000000  RWIX
  RAMM0                 00000050   000003b0  000000f5  000002bb  RWIX
  RAML0_L8              00008000   0000b800  00003850  00007fb0  RWIX
  FPUTABLES             003fd590   000006a0  00000000  000006a0  RWIX
  IQTABLES              003fdc30   00000b50  00000b50  00000000  RWIX
  IQTABLES2             003fe780   0000008c  00000000  0000008c  RWIX
  IQTABLES3             003fe80c   000000aa  00000000  000000aa  RWIX
  BOOTROM               003ff3b0   00000c10  00000000  00000c10  RWIX
  RESET                 003fffc0   00000002  00000000  00000002  RWIX

PAGE 1:
  BOOT_RSVD             00000002   0000004e  00000000  0000004e  RWIX
  RAMM1                 00000400   00000400  000003b0  00000050  RWIX
  USB_RAM               00040000   00000800  00000000  00000800  RWIX


SECTION ALLOCATION MAP

 output                                  attributes/
section   page    origin      length       input sections
--------  ----  ----------  ----------   ----------------
codestart 
*          0    00000000    00000002     
                  00000000    00000002     CodeStartBranch.obj (codestart)

.cinit     0    00000050    000000bf     
                  00000050    0000009d     proj_lab03a.obj (.cinit)
                  000000ed    0000000e     rts2800_ml.lib : exit.obj (.cinit)
                  000000fb    00000005                    : _lock.obj (.cinit:__lock)
                  00000100    00000005                    : _lock.obj (.cinit:__unlock)
                  00000105    00000004     drv8301.obj (.cinit)
                  00000109    00000004     rts2800_ml.lib : errno.obj (.cinit)
                  0000010d    00000002     --HOLE-- [fill = 0]

ramfuncs   0    0000010f    00000036     
                  0000010f    00000032     flash.obj (ramfuncs)
                  00000141    00000004     usDelay.obj (ramfuncs)

.text      0    00008000    000034f4     
                  00008000    00000adb     hal.obj (.text)
                  00008adb    0000098f     ctrl.obj (.text)
                  0000946a    0000042e     user.obj (.text)
                  00009898    0000041f     rts2800_ml.lib : e_powf.obj (.text)
                  00009cb7    000002f7     pwm.obj (.text)
                  00009fae    000002d1     drv8301.obj (.text)
                  0000a27f    00000277     proj_lab03a.obj (.text)
                  0000a4f6    000001f8     adc.obj (.text)
                  0000a6ee    0000018a     clk.obj (.text)
                  0000a878    00000186     rts2800_ml.lib : e_logf.obj (.text)
                  0000a9fe    00000175     gpio.obj (.text)
                  0000ab73    000000ff     pie.obj (.text)
                  0000ac72    000000bd     proj_lab03a.obj (.text:retain)
                  0000ad2f    000000a9     spi.obj (.text)
                  0000add8    00000083     rts2800_ml.lib : fd_mpy28.obj (.text)
                  0000ae5b    00000083                    : fs_div28.obj (.text)
                  0000aede    00000078                    : fs_add28.obj (.text)
                  0000af56    00000076                    : e_sqrtf.obj (.text)
                  0000afcc    00000069                    : s_ceilf.obj (.text)
                  0000b035    00000069                    : s_scalbnf.obj (.text)
                  0000b09e    0000005b     pll.obj (.text)
                  0000b0f9    0000005a     rts2800_ml.lib : fs_mpy28.obj (.text)
                  0000b153    00000054                    : boot28.obj (.text)
                  0000b1a7    00000047     offset.obj (.text)
                  0000b1ee    00000046     wdog.obj (.text)
                  0000b234    00000044     pwr.obj (.text)
                  0000b278    00000032     timer.obj (.text)
                  0000b2aa    0000002d     osc.obj (.text)
                  0000b2d7    00000029     rts2800_ml.lib : exit.obj (.text)
                  0000b300    00000025     cpu.obj (.text)
                  0000b325    00000025     rts2800_ml.lib : fs_toi28.obj (.text)
                  0000b34a    00000024                    : cpy_tbl.obj (.text)
                  0000b36e    00000021     filter_fo.obj (.text)
                  0000b38f    00000021     rts2800_ml.lib : fs_toul28.obj (.text)
                  0000b3b0    00000020     flash.obj (.text)
                  0000b3d0    0000001f     rts2800_ml.lib : fd_tol28.obj (.text)
                  0000b3ef    0000001d                    : fs_tou28.obj (.text)
                  0000b40c    0000001d                    : memcpy.obj (.text)
                  0000b429    0000001c                    : fs_tofd28.obj (.text)
                  0000b445    0000001a                    : i_tofs28.obj (.text)
                  0000b45f    0000001a                    : l_tofs28.obj (.text)
                  0000b479    00000019                    : args_main.obj (.text)
                  0000b492    00000017                    : fs_cmp28.obj (.text)
                  0000b4a9    00000013                    : ul_tofs28.obj (.text)
                  0000b4bc    00000010                    : u_tofs28.obj (.text)
                  0000b4cc    0000000a                    : s_copysignf.obj (.text)
                  0000b4d6    00000009                    : _lock.obj (.text)
                  0000b4df    00000008     CodeStartBranch.obj (.text)
                  0000b4e7    00000005     pie.obj (.text:retain)
                  0000b4ec    00000005     rts2800_ml.lib : fs_neg28.obj (.text)
                  0000b4f1    00000002                    : pre_init.obj (.text)
                  0000b4f3    00000001                    : startup.obj (.text)

.pinit     0    00000050    00000000     UNINITIALIZED

.reset     0    003fffc0    00000002     DSECT
                  003fffc0    00000002     rts2800_ml.lib : boot28.obj (.reset)

.ebss      0    0000b4f4    00000234     UNINITIALIZED
                  0000b4f4    00000006     rts2800_ml.lib : exit.obj (.ebss)
                  0000b4fa    00000002                    : _lock.obj (.ebss:__lock)
                  0000b4fc    00000002                    : _lock.obj (.ebss:__unlock)
                  0000b4fe    00000002     drv8301.obj (.ebss)
                  0000b500    0000016c     proj_lab03a.obj (.ebss)
                  0000b66c    00000001     cpu.obj (.ebss)
                  0000b66d    00000001     rts2800_ml.lib : errno.obj (.ebss)
                  0000b66e    00000012     --HOLE--
                  0000b680    000000a8     hal.obj (.ebss)

IQmath     0    0000b728    000000a6     
                  0000b728    00000042     IQmath.lib : IQ24sqrt.obj (IQmath)
                  0000b76a    00000029                : IQ24sinPU.obj (IQmath)
                  0000b793    00000027                : IQ24cosPU.obj (IQmath)
                  0000b7ba    00000014                : IQ30toF.obj (IQmath)

.econst    0    0000b7ce    00000082     
                  0000b7ce    00000032     rts2800_ml.lib : e_powf.obj (.econst)
                  0000b800    00000010                    : e_logf.obj (.econst)
                  0000b810    00000008     user.obj (.econst)
                  0000b818    00000006     rts2800_ml.lib : s_scalbnf.obj (.econst)
                  0000b81e    00000004     ctrl.obj (.econst:_$P$T0$1)
                  0000b822    00000004     ctrl.obj (.econst:_$P$T1$2)
                  0000b826    00000004     ctrl.obj (.econst:_$P$T2$3)
                  0000b82a    00000004     ctrl.obj (.econst:_$P$T3$4)
                  0000b82e    00000004     ctrl.obj (.econst:_$P$T4$5)
                  0000b832    00000004     ctrl.obj (.econst:_$P$T5$6)
                  0000b836    00000004     rts2800_ml.lib : e_powf.obj (.econst:_bp)
                  0000b83a    00000004                    : e_powf.obj (.econst:_dp_h)
                  0000b83e    00000004                    : e_powf.obj (.econst:_dp_l)
                  0000b842    00000004     ctrl.obj (.econst)
                  0000b846    00000004     hal.obj (.econst)
                  0000b84a    00000004     rts2800_ml.lib : e_sqrtf.obj (.econst)
                  0000b84e    00000002                    : s_ceilf.obj (.econst)

.stack     1    00000400    000003b0     UNINITIALIZED
                  00000400    000003b0     --HOLE--

IQmathTables 
*          0    003fdc30    00000b50     NOLOAD SECTION
                  003fdc30    00000b50     IQmath.lib : IQmathTables.obj (IQmathTables)

MODULE SUMMARY

       Module                code    initialized data   uninitialized data
       ------                ----    ----------------   ------------------
    .\
       hal.obj               2779    4                  168               
       ctrl.obj              2447    28                 0                 
       proj_lab03a.obj       820     157                364               
       user.obj              1070    8                  0                 
       pwm.obj               759     0                  0                 
       drv8301.obj           721     4                  2                 
       adc.obj               504     0                  0                 
       clk.obj               394     0                  0                 
       gpio.obj              373     0                  0                 
       pie.obj               260     0                  0                 
       spi.obj               169     0                  0                 
       pll.obj               91      0                  0                 
       flash.obj             82      0                  0                 
       offset.obj            71      0                  0                 
       wdog.obj              70      0                  0                 
       pwr.obj               68      0                  0                 
       timer.obj             50      0                  0                 
       osc.obj               45      0                  0                 
       cpu.obj               37      0                  1                 
       filter_fo.obj         33      0                  0                 
       CodeStartBranch.obj   10      0                  0                 
       usDelay.obj           4       0                  0                 
    +--+---------------------+-------+------------------+--------------------+
       Total:                10857   201                535               
                                                                          
    C:/ti/ccsv7/tools/compiler/ti-cgt-c2000_16.9.3.LTS/lib/rts2800_ml.lib
       e_powf.obj            1055    62                 0                 
       e_logf.obj            390     16                 0                 
       fd_mpy28.obj          131     0                  0                 
       fs_div28.obj          131     0                  0                 
       e_sqrtf.obj           118     4                  0                 
       fs_add28.obj          120     0                  0                 
       s_scalbnf.obj         105     6                  0                 
       s_ceilf.obj           105     2                  0                 
       fs_mpy28.obj          90      0                  0                 
       boot28.obj            84      0                  0                 
       exit.obj              41      14                 6                 
       fs_toi28.obj          37      0                  0                 
       cpy_tbl.obj           36      0                  0                 
       fs_toul28.obj         33      0                  0                 
       fd_tol28.obj          31      0                  0                 
       fs_tou28.obj          29      0                  0                 
       memcpy.obj            29      0                  0                 
       fs_tofd28.obj         28      0                  0                 
       i_tofs28.obj          26      0                  0                 
       l_tofs28.obj          26      0                  0                 
       args_main.obj         25      0                  0                 
       _lock.obj             9       10                 4                 
       fs_cmp28.obj          23      0                  0                 
       ul_tofs28.obj         19      0                  0                 
       u_tofs28.obj          16      0                  0                 
       s_copysignf.obj       10      0                  0                 
       errno.obj             0       4                  1                 
       fs_neg28.obj          5       0                  0                 
       pre_init.obj          2       0                  0                 
       startup.obj           1       0                  0                 
    +--+---------------------+-------+------------------+--------------------+
       Total:                2755    118                11                
                                                                          
    C:/ti/motorware/motorware_1_01_00_18/sw/modules/iqmath/lib/f28x/32b/IQmath.lib
       IQmathTables.obj      0       2896               0                 
       IQ24sqrt.obj          0       66                 0                 
       IQ24sinPU.obj         0       41                 0                 
       IQ24cosPU.obj         0       39                 0                 
       IQ30toF.obj           0       20                 0                 
    +--+---------------------+-------+------------------+--------------------+
       Total:                0       3062               0                 
                                                                          
       Stack:                0       0                  944               
    +--+---------------------+-------+------------------+--------------------+
       Grand Total:          13612   3381               1490              


GLOBAL DATA SYMBOLS: SORTED BY DATA PAGE

address     data page           name
--------    ----------------    ----
00000400      10 (00000400)     __stack

0000b4f4     2d3 (0000b4c0)     ___TI_enable_exit_profile_output
0000b4f6     2d3 (0000b4c0)     ___TI_cleanup_ptr
0000b4f8     2d3 (0000b4c0)     ___TI_dtors_ptr
0000b4fa     2d3 (0000b4c0)     __lock
0000b4fc     2d3 (0000b4c0)     __unlock

0000b500     2d4 (0000b500)     _gLEDcnt
0000b501     2d4 (0000b500)     _Flag_Latch_softwareUpdate
0000b502     2d4 (0000b500)     _gCounter_updateGlobals
0000b504     2d4 (0000b500)     _gFlux_pu_to_VpHz_sf
0000b506     2d4 (0000b500)     _gFlux_pu_to_Wb_sf
0000b508     2d4 (0000b500)     _gTorque_Flux_Iq_pu_to_Nm_sf
0000b50a     2d4 (0000b500)     _gTorque_Ls_Id_Iq_pu_to_Nm_sf
0000b50c     2d4 (0000b500)     _halHandle
0000b50e     2d4 (0000b500)     _ctrlHandle
0000b510     2d4 (0000b500)     _controller_obj
0000b512     2d4 (0000b500)     _gMaxCurrentSlope
0000b514     2d4 (0000b500)     _gPwmData
0000b51a     2d4 (0000b500)     _gAdcData
0000b528     2d4 (0000b500)     _gDrvSpi8301Vars

0000b540     2d5 (0000b540)     _gMotorVars

0000b5c0     2d7 (0000b5c0)     _gUserParams

0000b66c     2d9 (0000b640)     _cpu
0000b66d     2d9 (0000b640)     _errno

0000b680     2da (0000b680)     _hal

0000b728     2dc (0000b700)     __IQ24sqrt

0000b76a     2dd (0000b740)     __IQ24sinPU

0000b793     2de (0000b780)     __IQ24cosPU
0000b7ba     2de (0000b780)     __IQ30toF

003fdc30    ff70 (003fdc00)     _IQsinTable

003fdd30    ff74 (003fdd00)     _IQcosTable

003fe030    ff80 (003fe000)     _IQsinTableEnd

003fe132    ff84 (003fe100)     _IQcosTableEnd
003fe132    ff84 (003fe100)     _IQdivRoundSatTable

003fe140    ff85 (003fe140)     _IQdivTable

003fe342    ff8d (003fe340)     _IQdivTableEnd
003fe342    ff8d (003fe340)     _IQisqrtRoundSatTable
003fe342    ff8d (003fe340)     _IQsqrtRoundSatTable
003fe352    ff8d (003fe340)     _IQisqrtTable
003fe352    ff8d (003fe340)     _IQsqrtTable

003fe454    ff91 (003fe440)     _IQatan2HalfPITable
003fe454    ff91 (003fe440)     _IQisqrtTableEnd
003fe454    ff91 (003fe440)     _IQsqrtTableEnd

003fe492    ff92 (003fe480)     _IQatan2Table

003fe618    ff98 (003fe600)     _IQ30mpyRndSatTable
003fe618    ff98 (003fe600)     _IQatan2TableEnd
003fe618    ff98 (003fe600)     _IQmpyRndSatTable
003fe624    ff98 (003fe600)     _IQ29mpyRndSatTable
003fe630    ff98 (003fe600)     _IQ28mpyRndSatTable
003fe63c    ff98 (003fe600)     _IQ27mpyRndSatTable

003fe648    ff99 (003fe640)     _IQ26mpyRndSatTable
003fe654    ff99 (003fe640)     _IQ25mpyRndSatTable
003fe660    ff99 (003fe640)     _IQ24mpyRndSatTable
003fe66c    ff99 (003fe640)     _IQ23mpyRndSatTable
003fe678    ff99 (003fe640)     _IQ22mpyRndSatTable

003fe684    ff9a (003fe680)     _IQ21mpyRndSatTable
003fe690    ff9a (003fe680)     _IQ20mpyRndSatTable
003fe69c    ff9a (003fe680)     _IQ19mpyRndSatTable
003fe6a8    ff9a (003fe680)     _IQ18mpyRndSatTable
003fe6b4    ff9a (003fe680)     _IQ17mpyRndSatTable

003fe6c0    ff9b (003fe6c0)     _IQ16mpyRndSatTable
003fe6cc    ff9b (003fe6c0)     _IQ15mpyRndSatTable
003fe6d8    ff9b (003fe6c0)     _IQ14mpyRndSatTable
003fe6e4    ff9b (003fe6c0)     _IQ13mpyRndSatTable
003fe6f0    ff9b (003fe6c0)     _IQ12mpyRndSatTable
003fe6fc    ff9b (003fe6c0)     _IQ11mpyRndSatTable

003fe708    ff9c (003fe700)     _IQ10mpyRndSatTable
003fe714    ff9c (003fe700)     _IQ9mpyRndSatTable
003fe720    ff9c (003fe700)     _IQ8mpyRndSatTable
003fe72c    ff9c (003fe700)     _IQ7mpyRndSatTable
003fe738    ff9c (003fe700)     _IQ6mpyRndSatTable

003fe744    ff9d (003fe740)     _IQ5mpyRndSatTable
003fe750    ff9d (003fe740)     _IQ4mpyRndSatTable
003fe75c    ff9d (003fe740)     _IQ3mpyRndSatTable
003fe768    ff9d (003fe740)     _IQ2mpyRndSatTable
003fe774    ff9d (003fe740)     _IQ1mpyRndSatTable

003fe780    ff9e (003fe780)     _IQmpyRndSatTableEnd


GLOBAL SYMBOLS: SORTED ALPHABETICALLY BY Name 

page  address   name                                             
----  -------   ----                                             
0     00008000  .text                                            
0     0000b2d7  C$$EXIT                                          
0     0000add8  FD$$MPY                                          
0     0000b3d0  FD$$TOL                                          
0     0000aee3  FS$$ADD                                          
0     0000b492  FS$$CMP                                          
0     0000ae5b  FS$$DIV                                          
0     0000b0f9  FS$$MPY                                          
0     0000b4ec  FS$$NEG                                          
0     0000aede  FS$$SUB                                          
0     0000b429  FS$$TOFD                                         
0     0000b325  FS$$TOI                                          
0     0000b3ef  FS$$TOU                                          
0     0000b38f  FS$$TOUL                                         
0     0000b445  I$$TOFS                                          
0     0000b45f  L$$TOFS                                          
0     0000b4bc  U$$TOFS                                          
0     0000b4a9  UL$$TOFS                                         
0     0000a6e4  _ADC_disable                                     
0     0000a6da  _ADC_disableBandGap                              
0     0000a6c3  _ADC_disableInt                                  
0     0000a6b9  _ADC_disableNoOverlapMode                        
0     0000a6af  _ADC_disableRefBuffers                           
0     0000a6a5  _ADC_disableVoltRefLoConv                        
0     0000a69b  _ADC_enable                                      
0     0000a691  _ADC_enableBandGap                               
0     0000a67b  _ADC_enableInt                                   
0     0000a671  _ADC_enableNoOverlapMode                         
0     0000a667  _ADC_enableRefBuffers                            
0     0000a65d  _ADC_enableVoltRefLoConv                         
0     0000a653  _ADC_getDivideSelect                             
0     0000a64b  _ADC_init                                        
0     0000a641  _ADC_powerDown                                   
0     0000a637  _ADC_powerUp                                     
0     0000a62d  _ADC_reset                                       
0     0000a61c  _ADC_setDivideSelect                             
0     0000a5fb  _ADC_setIntMode                                  
0     0000a5ea  _ADC_setIntPulseGenMode                          
0     0000a5c9  _ADC_setIntSrc                                   
0     0000a5bf  _ADC_setOffTrim                                  
0     0000a5a8  _ADC_setSampleMode                               
0     0000a595  _ADC_setSampleOverlapMode                        
0     0000a581  _ADC_setSocChanNumber                            
0     0000a574  _ADC_setSocFrc                                   
0     0000a56a  _ADC_setSocFrcWord                               
0     0000a556  _ADC_setSocSampleDelay                           
0     0000a542  _ADC_setSocTrigSrc                               
0     0000a531  _ADC_setTempSensorSrc                            
0     0000a520  _ADC_setVoltRefSrc                               
0     0000a4f6  _ADC_setupSocTrigSrc                             
0     0000a871  _CLK_disableAdcClock                             
0     0000a86a  _CLK_disableClaClock                             
0     0000a864  _CLK_disableClkIn                                
0     0000a860  _CLK_disableCompClock                            
0     0000a859  _CLK_disableCpuTimerClock                        
0     0000a853  _CLK_disableCrystalOsc                           
0     0000a84c  _CLK_disableEcanaClock                           
0     0000a845  _CLK_disableEcap1Clock                           
0     0000a83e  _CLK_disableEqep1Clock                           
0     0000a837  _CLK_disableEqep2Clock                           
0     0000a830  _CLK_disableGpioInputClock                       
0     0000a829  _CLK_disableHrPwmClock                           
0     0000a822  _CLK_disableI2cClock                             
0     0000a81b  _CLK_disableLinAClock                            
0     0000a815  _CLK_disableOsc1                                 
0     0000a80f  _CLK_disableOsc1HaltMode                         
0     0000a809  _CLK_disableOsc2                                 
0     0000a803  _CLK_disableOsc2HaltMode                         
0     0000a7f9  _CLK_disablePwmClock                             
0     0000a7f2  _CLK_disableSciaClock                            
0     0000a7eb  _CLK_disableScibClock                            
0     0000a7e4  _CLK_disableSpiaClock                            
0     0000a7e0  _CLK_disableSpibClock                            
0     0000a7d9  _CLK_disableTbClockSync                          
0     0000a7d3  _CLK_disableWatchDogHaltMode                     
0     0000a7cc  _CLK_enableAdcClock                              
0     0000a7c5  _CLK_enableClaClock                              
0     0000a7bf  _CLK_enableClkIn                                 
0     0000a7b9  _CLK_enableCompClock                             
0     0000a7b3  _CLK_enableCpuTimerClock                         
0     0000a7ad  _CLK_enableCrystalOsc                            
0     0000a7a6  _CLK_enableEcanaClock                            
0     0000a79f  _CLK_enableEcap1Clock                            
0     0000a798  _CLK_enableEqep1Clock                            
0     0000a791  _CLK_enableEqep2Clock                            
0     0000a78a  _CLK_enableGpioInputClock                        
0     0000a783  _CLK_enableHrPwmClock                            
0     0000a77c  _CLK_enableI2cClock                              
0     0000a775  _CLK_enableLinAClock                             
0     0000a76f  _CLK_enableOsc1                                  
0     0000a769  _CLK_enableOsc1HaltMode                          
0     0000a763  _CLK_enableOsc2                                  
0     0000a75d  _CLK_enableOsc2HaltMode                          
0     0000a754  _CLK_enablePwmClock                              
0     0000a74d  _CLK_enableSciaClock                             
0     0000a746  _CLK_enableScibClock                             
0     0000a73f  _CLK_enableSpiaClock                             
0     0000a738  _CLK_enableSpibClock                             
0     0000a731  _CLK_enableTbClockSync                           
0     0000a72b  _CLK_enableWatchDogHaltMode                      
0     0000a725  _CLK_init                                        
0     0000a71e  _CLK_setClkOutPreScaler                          
0     0000a718  _CLK_setLowSpdPreScaler                          
0     0000a711  _CLK_setOsc2Src                                  
0     0000a70a  _CLK_setOscSrc                                   
0     0000a703  _CLK_setTimer2PreScale                           
0     0000a6fc  _CLK_setTimer2Src                                
0     0000a6f5  _CLK_setWatchDogSrc                              
0     0000a6ee  _CLK_setXClkInSrc                                
0     0000b322  _CPU_clearIntFlags                               
0     0000b31f  _CPU_disableDebugInt                             
0     0000b31c  _CPU_disableGlobalInts                           
0     0000b317  _CPU_disableInt                                  
0     0000b314  _CPU_disableInts                                 
0     0000b311  _CPU_disableProtectedRegisterWrite               
0     0000b30e  _CPU_enableDebugInt                              
0     0000b30b  _CPU_enableGlobalInts                            
0     0000b307  _CPU_enableInt                                   
0     0000b304  _CPU_enableProtectedRegisterWrite                
0     0000b300  _CPU_init                                        
0     0000942e  _CTRL_getGains                                   
0     00009427  _CTRL_getIab_filt_pu                             
0     00009420  _CTRL_getIab_in_pu                               
0     00009419  _CTRL_getIdq_in_pu                               
0     00009412  _CTRL_getIdq_ref_pu                              
0     00009467  _CTRL_getMagCurrent_pu                           
0     00009464  _CTRL_getMaximumSpeed_pu                         
0     0000940b  _CTRL_getVab_in_pu                               
0     00009404  _CTRL_getVab_out_pu                              
0     000093fd  _CTRL_getVdq_out_pu                              
abs   003fa721  _CTRL_getVersion                                 
0     000093f4  _CTRL_getWaitTimes                               
abs   003fa6fb  _CTRL_initCtrl                                   
0     00008ed1  _CTRL_run                                        
abs   003fa5d1  _CTRL_runTraj                                    
abs   003f9e64  _CTRL_setEstParams                               
0     00008c4b  _CTRL_setGains                                   
0     00009461  _CTRL_setMagCurrent_pu                           
0     0000945e  _CTRL_setMaximumSpeed_pu                         
0     00008c73  _CTRL_setParams                                  
0     00008c38  _CTRL_setSpd_ref_krpm                            
0     00008c35  _CTRL_setSpd_ref_pu                              
abs   003f9d31  _CTRL_setUserMotorParams                         
0     00008c2c  _CTRL_setWaitTimes                               
0     00008c22  _CTRL_setup                                      
0     00008c06  _CTRL_setupClarke_I                              
0     00008bf0  _CTRL_setupClarke_V                              
abs   003f9b43  _CTRL_setupCtrl                                  
abs   003f99a5  _CTRL_setupEstIdleState                          
abs   003f996a  _CTRL_setupEstOnLineState                        
abs   003f9806  _CTRL_setupTraj                                  
0     00008b8e  _CTRL_setup_user                                 
0     00008adb  _CTRL_updateState                                
0     0000a25d  _DRV8301_enable                                  
0     0000a24b  _DRV8301_getDcCalMode                            
0     0000a230  _DRV8301_getFaultType                            
0     0000a22a  _DRV8301_getId                                   
0     0000a223  _DRV8301_getOcLevel                              
0     0000a21c  _DRV8301_getOcMode                               
0     0000a215  _DRV8301_getOcOffTimeMode                        
0     0000a20e  _DRV8301_getOcTwMode                             
0     0000a207  _DRV8301_getPeakCurrent                          
0     0000a200  _DRV8301_getPwmMode                              
0     0000a1f9  _DRV8301_getShuntAmpGain                         
0     0000a1f0  _DRV8301_init                                    
0     0000a1ea  _DRV8301_isFault                                 
0     0000a1e3  _DRV8301_isReset                                 
0     0000a16d  _DRV8301_readData                                
0     00009fee  _DRV8301_readSpi                                 
0     0000a15e  _DRV8301_reset                                   
0     0000a13f  _DRV8301_setDcCalMode                            
0     0000a13d  _DRV8301_setGpioHandle                           
0     0000a13b  _DRV8301_setGpioNumber                           
0     0000a127  _DRV8301_setOcLevel                              
0     0000a113  _DRV8301_setOcMode                               
0     0000a0ff  _DRV8301_setOcOffTimeMode                        
0     0000a0eb  _DRV8301_setOcTwMode                             
0     0000a0d7  _DRV8301_setPeakCurrent                          
0     0000a0c3  _DRV8301_setPwmMode                              
0     0000a0af  _DRV8301_setShuntAmpGain                         
0     0000a0ad  _DRV8301_setSpiHandle                            
0     0000a026  _DRV8301_setupSpi                                
0     00009fc5  _DRV8301_writeData                               
0     00009fae  _DRV8301_writeSpi                                
abs   003f9760  _EST_doCurrentCtrl                               
abs   003f9758  _EST_doSpeedCtrl                                 
abs   003f8c0d  _EST_getAngle_pu                                 
abs   003f96be  _EST_getFlux_VpHz                                
abs   003f96ab  _EST_getFlux_pu                                  
abs   003f968e  _EST_getFm_pu                                    
abs   003f9632  _EST_getIdRated                                  
abs   003f95ff  _EST_getLs_coarse_max_pu                         
abs   003f95f5  _EST_getLs_d_H                                   
abs   003f95f0  _EST_getLs_d_pu                                  
abs   003f95ce  _EST_getLs_q_H                                   
abs   003f95c9  _EST_getLs_q_pu                                  
abs   003f95bd  _EST_getMaxCurrentSlope_pu                       
abs   003f95b3  _EST_getOneOverDcBus_pu                          
abs   003f95ad  _EST_getRr_Ohm                                   
abs   003f9513  _EST_getRs_Ohm                                   
abs   003f94c6  _EST_getSpeed_krpm                               
abs   003f861b  _EST_getState                                    
abs   003f9458  _EST_get_krpm_to_pu_sf                           
abs   003f9453  _EST_get_pu_to_krpm_sf                           
abs   003f938d  _EST_isError                                     
abs   003f9386  _EST_isIdle                                      
abs   003f937f  _EST_isLockRotor                                 
abs   003f8679  _EST_isMotorIdentified                           
abs   003f9378  _EST_isOnLine                                    
abs   003f927b  _EST_run                                         
abs   003f8bdb  _EST_setFlag_enableForceAngle                    
abs   003f8b80  _EST_setId_ref_pu                                
abs   003f8b7a  _EST_setIdle                                     
abs   003f8b67  _EST_setIdle_all                                 
abs   003f8b63  _EST_setIq_ref_pu                                
abs   003f8b45  _EST_setLs_d_pu                                  
abs   003f8af1  _EST_setLs_qFmt                                  
abs   003f8ae7  _EST_setLs_q_pu                                  
abs   003f8adb  _EST_setMaxCurrentSlope_pu                       
abs   003f8a18  _EST_setRs_pu                                    
abs   003f89f5  _EST_updateId_ref_pu                             
abs   003f8713  _EST_updateState                                 
abs   003f861d  _EST_useZeroIq_ref                               
0     0000b38c  _FILTER_FO_getDenCoeffs                          
0     0000b385  _FILTER_FO_getInitialConditions                  
0     0000b37f  _FILTER_FO_getNumCoeffs                          
0     0000b379  _FILTER_FO_init                                  
0     0000b377  _FILTER_FO_setDenCoeffs                          
0     0000b372  _FILTER_FO_setInitialConditions                  
0     0000b36e  _FILTER_FO_setNumCoeffs                          
0     0000b3ca  _FLASH_clear3VStatus                             
0     0000013b  _FLASH_disablePipelineMode                       
0     00000135  _FLASH_enablePipelineMode                        
0     0000b3c7  _FLASH_get3VStatus                               
0     0000b3c4  _FLASH_getActiveWaitCount                        
0     0000b3c0  _FLASH_getActiveWaitStatus                       
0     0000b3bd  _FLASH_getPowerMode                              
0     0000b3ba  _FLASH_getStandbyWaitCount                       
0     0000b3b6  _FLASH_getStandbyWaitStatus                      
0     0000b3b0  _FLASH_init                                      
0     00000130  _FLASH_setActiveWaitCount                        
0     00000129  _FLASH_setNumPagedReadWaitStates                 
0     00000122  _FLASH_setNumRandomReadWaitStates                
0     0000011b  _FLASH_setOtpWaitStates                          
0     00000114  _FLASH_setPowerMode                              
0     0000010f  _FLASH_setStandbyWaitCount                       
0     0000b501  _Flag_Latch_softwareUpdate                       
0     0000ab65  _GPIO_getData                                    
0     0000ab5a  _GPIO_getPortData                                
0     0000ab54  _GPIO_init                                       
0     0000ab4a  _GPIO_lpmSelect                                  
0     0000ab37  _GPIO_read                                       
0     0000ab1d  _GPIO_setDirection                               
0     0000ab12  _GPIO_setExtInt                                  
0     0000ab02  _GPIO_setHigh                                    
0     0000aaf2  _GPIO_setLow                                     
0     0000aaba  _GPIO_setMode                                    
0     0000aaac  _GPIO_setPortData                                
0     0000aa92  _GPIO_setPullup                                  
0     0000aa55  _GPIO_setQualification                           
0     0000aa0e  _GPIO_setQualificationPeriod                     
0     0000a9fe  _GPIO_toggle                                     
0     00008598  _HAL_AdcCalChanSelect                            
0     000085ef  _HAL_AdcCalConversion                            
0     00008751  _HAL_AdcOffsetSelfCal                            
0     00008817  _HAL_OscTempComp                                 
0     00008870  _HAL_cal                                         
0     00008ad7  _HAL_disableGlobalInts                           
0     000089c4  _HAL_disableWdog                                 
0     00008ac5  _HAL_enableAdcInts                               
0     00008ac1  _HAL_enableDebugInt                              
0     00008abc  _HAL_enableDrv                                   
0     00008ab8  _HAL_enableGlobalInts                            
0     00008aa7  _HAL_enablePwmInt                                
0     00008a97  _HAL_enableTimer0Int                             
0     00008784  _HAL_getOscTrimValue                             
0     000089c9  _HAL_init                                        
0     00008797  _HAL_osc1Comp                                    
0     000087d7  _HAL_osc2Comp                                    
0     000089bf  _HAL_readDrvData                                 
0     000089a5  _HAL_setDacParameters                            
0     00008887  _HAL_setParams                                   
0     000084e0  _HAL_setupAdcs                                   
0     000084c4  _HAL_setupClks                                   
0     000084bf  _HAL_setupDrvSpi                                 
0     000084a1  _HAL_setupFaults                                 
0     00008483  _HAL_setupFlash                                  
0     0000846e  _HAL_setupGate                                   
0     000082e7  _HAL_setupGpios                                  
0     0000829a  _HAL_setupPeripheralClks                         
0     0000827e  _HAL_setupPie                                    
0     0000823f  _HAL_setupPll                                    
0     000081b2  _HAL_setupPwmDacs                                
0     000080da  _HAL_setupPwms                                   
0     00008094  _HAL_setupSpiA                                   
0     0000805e  _HAL_setupSpiB                                   
0     00008005  _HAL_setupTimers                                 
0     00008000  _HAL_writeDrvData                                
0     003fe708  _IQ10mpyRndSatTable                              
0     003fe6fc  _IQ11mpyRndSatTable                              
0     003fe6f0  _IQ12mpyRndSatTable                              
0     003fe6e4  _IQ13mpyRndSatTable                              
0     003fe6d8  _IQ14mpyRndSatTable                              
0     003fe6cc  _IQ15mpyRndSatTable                              
0     003fe6c0  _IQ16mpyRndSatTable                              
0     003fe6b4  _IQ17mpyRndSatTable                              
0     003fe6a8  _IQ18mpyRndSatTable                              
0     003fe69c  _IQ19mpyRndSatTable                              
0     003fe774  _IQ1mpyRndSatTable                               
0     003fe690  _IQ20mpyRndSatTable                              
0     003fe684  _IQ21mpyRndSatTable                              
0     003fe678  _IQ22mpyRndSatTable                              
0     003fe66c  _IQ23mpyRndSatTable                              
0     003fe660  _IQ24mpyRndSatTable                              
0     003fe654  _IQ25mpyRndSatTable                              
0     003fe648  _IQ26mpyRndSatTable                              
0     003fe63c  _IQ27mpyRndSatTable                              
0     003fe630  _IQ28mpyRndSatTable                              
0     003fe624  _IQ29mpyRndSatTable                              
0     003fe768  _IQ2mpyRndSatTable                               
0     003fe618  _IQ30mpyRndSatTable                              
0     003fe75c  _IQ3mpyRndSatTable                               
0     003fe750  _IQ4mpyRndSatTable                               
0     003fe744  _IQ5mpyRndSatTable                               
0     003fe738  _IQ6mpyRndSatTable                               
0     003fe72c  _IQ7mpyRndSatTable                               
0     003fe720  _IQ8mpyRndSatTable                               
0     003fe714  _IQ9mpyRndSatTable                               
0     003fe454  _IQatan2HalfPITable                              
0     003fe492  _IQatan2Table                                    
0     003fe618  _IQatan2TableEnd                                 
0     003fdd30  _IQcosTable                                      
0     003fe132  _IQcosTableEnd                                   
0     003fe132  _IQdivRoundSatTable                              
0     003fe140  _IQdivTable                                      
0     003fe342  _IQdivTableEnd                                   
0     003fe342  _IQisqrtRoundSatTable                            
0     003fe352  _IQisqrtTable                                    
0     003fe454  _IQisqrtTableEnd                                 
0     003fe618  _IQmpyRndSatTable                                
0     003fe780  _IQmpyRndSatTableEnd                             
0     003fdc30  _IQsinTable                                      
0     003fe030  _IQsinTableEnd                                   
0     003fe342  _IQsqrtRoundSatTable                             
0     003fe352  _IQsqrtTable                                     
0     003fe454  _IQsqrtTableEnd                                  
0     0000b1df  _OFFSET_getBeta                                  
0     0000b1ce  _OFFSET_init                                     
0     0000b1b8  _OFFSET_setBeta                                  
0     0000b1a9  _OFFSET_setInitCond                              
0     0000b1a7  _OFFSET_setOffset                                
0     0000b2d1  _OSC_init                                        
0     0000b2c4  _OSC_setCoarseTrim                               
0     0000b2b3  _OSC_setFineTrim                                 
0     0000b2aa  _OSC_setTrim                                     
0     0000ac6b  _PIE_clearAllFlags                               
0     0000ac68  _PIE_clearAllInts                                
0     0000ac65  _PIE_disable                                     
0     0000ac5e  _PIE_disableAllInts                              
0     0000ac5a  _PIE_disableCaptureInt                           
0     0000ac51  _PIE_disableExtInt                               
0     0000ac47  _PIE_disableInt                                  
0     0000ac44  _PIE_enable                                      
0     0000ac28  _PIE_enableAdcInt                                
0     0000ac24  _PIE_enableCaptureInt                            
0     0000ac08  _PIE_enableExtInt                                
0     0000abff  _PIE_enableInt                                   
0     0000abfa  _PIE_enablePwmInt                                
0     0000abf5  _PIE_enablePwmTzInt                              
0     0000abf2  _PIE_enableTimer0Int                             
0     0000abe9  _PIE_forceInt                                    
0     0000abe1  _PIE_getExtIntCount                              
0     0000abda  _PIE_getIntEnables                               
0     0000abd3  _PIE_getIntFlags                                 
0     0000b4e7  _PIE_illegalIsr                                  
0     0000abcb  _PIE_init                                        
0     0000abba  _PIE_registerPieIntHandler                       
0     0000abaf  _PIE_registerSystemIntHandler                    
0     0000aba4  _PIE_setDefaultIntVectorTable                    
0     0000ab93  _PIE_setExtIntPolarity                           
0     0000ab80  _PIE_unregisterPieIntHandler                     
0     0000ab73  _PIE_unregisterSystemIntHandler                  
0     0000b0f3  _PLL_disable                                     
0     0000b0ed  _PLL_disableClkDetect                            
0     0000b0e7  _PLL_disableNormRdy                              
0     0000b0e1  _PLL_disableOsc                                  
0     0000b0db  _PLL_enable                                      
0     0000b0d5  _PLL_enableClkDetect                             
0     0000b0cf  _PLL_enableNormRdy                               
0     0000b0c9  _PLL_enableOsc                                   
0     0000b0c5  _PLL_getClkFreq                                  
0     0000b0c2  _PLL_getClkStatus                                
0     0000b0bf  _PLL_getDivideSelect                             
0     0000b0bc  _PLL_getLockStatus                               
0     0000b0b6  _PLL_init                                        
0     0000b0b0  _PLL_resetClkDetect                              
0     0000b0aa  _PLL_setClkFreq                                  
0     0000b0a3  _PLL_setDivideSelect                             
0     0000b09e  _PLL_setLockPeriod                               
0     00009fa8  _PWM_clearTripZone                               
0     00009fa5  _PWM_decrementDeadBandFallingEdgeDelay           
0     00009fa2  _PWM_decrementDeadBandRisingEdgeDelay            
0     00009f9b  _PWM_disableAutoConvert                          
0     00009f97  _PWM_disableChopping                             
0     00009f94  _PWM_disableCounterLoad                          
0     00009f91  _PWM_disableDeadBand                             
0     00009f8d  _PWM_disableDeadBandHalfCycle                    
0     00009f86  _PWM_disableDigitalCompareBlankingWindow         
0     00009f7f  _PWM_disableDigitalCompareBlankingWindowInversion
0     00009f78  _PWM_disableHrPeriod                             
0     00009f71  _PWM_disableHrPhaseSync                          
0     00009f6d  _PWM_disableInt                                  
0     00009f69  _PWM_disableSocAPulse                            
0     00009f65  _PWM_disableSocBPulse                            
0     00009f5e  _PWM_disableTripZoneInt                          
0     00009f57  _PWM_disableTripZoneSrc                          
0     00009f51  _PWM_disableTripZones                            
0     00009f4a  _PWM_enableAutoConvert                           
0     00009f46  _PWM_enableChopping                              
0     00009f43  _PWM_enableCounterLoad                           
0     00009f3f  _PWM_enableDeadBandHalfCycle                     
0     00009f38  _PWM_enableDigitalCompareBlankingWindow          
0     00009f31  _PWM_enableDigitalCompareBlankingWindowInversion 
0     00009f2a  _PWM_enableHrPeriod                              
0     00009f23  _PWM_enableHrPhaseSync                           
0     00009f1f  _PWM_enableInt                                   
0     00009f1b  _PWM_enableSocAPulse                             
0     00009f17  _PWM_enableSocBPulse                             
0     00009f11  _PWM_enableTripZoneInt                           
0     00009f0b  _PWM_enableTripZoneSrc                           
0     00009f08  _PWM_getDeadBandFallingEdgeDelay                 
0     00009f05  _PWM_getDeadBandRisingEdgeDelay                  
0     00009f01  _PWM_getIntCount                                 
0     00009efd  _PWM_getShadowStatus_CmpA                        
0     00009ef9  _PWM_getShadowStatus_CmpB                        
0     00009ef4  _PWM_getSocACount                                
0     00009eef  _PWM_getSocBCount                                
0     00009eec  _PWM_incrementDeadBandFallingEdgeDelay           
0     00009ee9  _PWM_incrementDeadBandRisingEdgeDelay            
0     00009ee3  _PWM_init                                        
0     00009edc  _PWM_setActionQualContSWForce_PwmA               
0     00009ed3  _PWM_setActionQualContSWForce_PwmB               
0     00009eca  _PWM_setActionQual_CntDown_CmpA_PwmA             
0     00009ec1  _PWM_setActionQual_CntDown_CmpA_PwmB             
0     00009eb8  _PWM_setActionQual_CntDown_CmpB_PwmA             
0     00009eaf  _PWM_setActionQual_CntDown_CmpB_PwmB             
0     00009ea6  _PWM_setActionQual_CntUp_CmpA_PwmA               
0     00009e9d  _PWM_setActionQual_CntUp_CmpA_PwmB               
0     00009e94  _PWM_setActionQual_CntUp_CmpB_PwmA               
0     00009e8b  _PWM_setActionQual_CntUp_CmpB_PwmB               
0     00009e82  _PWM_setActionQual_Period_PwmA                   
0     00009e79  _PWM_setActionQual_Period_PwmB                   
0     00009e72  _PWM_setActionQual_Zero_PwmA                     
0     00009e6b  _PWM_setActionQual_Zero_PwmB                     
0     00009e64  _PWM_setChoppingClkFreq                          
0     00009e5d  _PWM_setChoppingDutyCycle                        
0     00009e56  _PWM_setChoppingPulseWidth                       
0     00009e52  _PWM_setClkDiv                                   
0     00009e50  _PWM_setCount                                    
0     00009e4c  _PWM_setCounterMode                              
0     00009e49  _PWM_setDeadBandFallingEdgeDelay                 
0     00009e42  _PWM_setDeadBandInputMode                        
0     00009e3b  _PWM_setDeadBandOutputMode                       
0     00009e34  _PWM_setDeadBandPolarity                         
0     00009e31  _PWM_setDeadBandRisingEdgeDelay                  
0     00009e17  _PWM_setDigitalCompareAEvent1                    
0     00009e07  _PWM_setDigitalCompareAEvent2                    
0     00009ded  _PWM_setDigitalCompareBEvent1                    
0     00009ddd  _PWM_setDigitalCompareBEvent2                    
0     00009dd1  _PWM_setDigitalCompareBlankingPulse              
0     00009dce  _PWM_setDigitalCompareFilterOffset               
0     00009dc4  _PWM_setDigitalCompareFilterSource               
0     00009dc1  _PWM_setDigitalCompareFilterWindow               
0     00009db2  _PWM_setDigitalCompareInput                      
0     00009dae  _PWM_setHighSpeedClkDiv                          
0     00009da4  _PWM_setHrControlMode                            
0     00009d9a  _PWM_setHrEdgeMode                               
0     00009d90  _PWM_setHrShadowMode                             
0     00009d89  _PWM_setIntMode                                  
0     00009d82  _PWM_setIntPeriod                                
0     00009d7e  _PWM_setLoadMode_CmpA                            
0     00009d78  _PWM_setLoadMode_CmpB                            
0     00009d76  _PWM_setPeriod                                   
0     00009d71  _PWM_setPeriodHr                                 
0     00009d6d  _PWM_setPeriodLoad                               
0     00009d6b  _PWM_setPhase                                    
0     00009d67  _PWM_setPhaseDir                                 
0     00009d63  _PWM_setRunMode                                  
0     00009d5d  _PWM_setShadowMode_CmpA                          
0     00009d57  _PWM_setShadowMode_CmpB                          
0     00009d4e  _PWM_setSocAPeriod                               
0     00009d44  _PWM_setSocAPulseSrc                             
0     00009d3b  _PWM_setSocBPeriod                               
0     00009d32  _PWM_setSocBPulseSrc                             
0     00009d2f  _PWM_setSwSync                                   
0     00009d2b  _PWM_setSyncMode                                 
0     00009d21  _PWM_setTripZoneDCEventSelect_DCAEVT1            
0     00009d15  _PWM_setTripZoneDCEventSelect_DCAEVT2            
0     00009d09  _PWM_setTripZoneDCEventSelect_DCBEVT1            
0     00009cfd  _PWM_setTripZoneDCEventSelect_DCBEVT2            
0     00009cf1  _PWM_setTripZoneState_DCAEVT1                    
0     00009ce5  _PWM_setTripZoneState_DCAEVT2                    
0     00009cd9  _PWM_setTripZoneState_DCBEVT1                    
0     00009ccd  _PWM_setTripZoneState_DCBEVT2                    
0     00009cc3  _PWM_setTripZoneState_TZA                        
0     00009cb7  _PWM_setTripZoneState_TZB                        
0     0000b275  _PWR_disableBrownOutReset                        
0     0000b26b  _PWR_disableWatchDogInt                          
0     0000b268  _PWR_enableBrownOutReset                         
0     0000b25e  _PWR_enableWatchDogInt                           
0     0000b256  _PWR_init                                        
0     0000b245  _PWR_setLowPowerMode                             
0     0000b234  _PWR_setNumStandByClocks                         
0     00000145  _RamfuncsLoadEnd                                 
abs   00000036  _RamfuncsLoadSize                                
0     0000010f  _RamfuncsLoadStart                               
0     0000010f  _RamfuncsRunStart                                
0     0000add4  _SPI_clearRxFifoInt                              
0     0000add0  _SPI_clearRxFifoOvf                              
0     0000adcc  _SPI_clearTxFifoInt                              
0     0000adc9  _SPI_disableInt                                  
0     0000adc6  _SPI_disableLoopBack                             
0     0000adc3  _SPI_disableOverRunInt                           
0     0000adbf  _SPI_disableRxFifoInt                            
0     0000adbc  _SPI_disableTx                                   
0     0000adb8  _SPI_disableTxFifoEnh                            
0     0000adb4  _SPI_disableTxFifoInt                            
0     0000adb1  _SPI_enable                                      
0     0000adad  _SPI_enableChannels                              
0     0000adaa  _SPI_enableInt                                   
0     0000ada7  _SPI_enableLoopBack                              
0     0000ada4  _SPI_enableOverRunInt                            
0     0000ada0  _SPI_enableRxFifo                                
0     0000ad9c  _SPI_enableRxFifoInt                             
0     0000ad99  _SPI_enableTx                                    
0     0000ad95  _SPI_enableTxFifo                                
0     0000ad91  _SPI_enableTxFifoEnh                             
0     0000ad8d  _SPI_enableTxFifoInt                             
0     0000ad8a  _SPI_getIntFlagStatus                            
0     0000ad86  _SPI_getRxFifoStatus                             
0     0000ad83  _SPI_getTxBufferStatus                           
0     0000ad7f  _SPI_getTxFifoStatus                             
0     0000ad79  _SPI_init                                        
0     0000ad76  _SPI_reset                                       
0     0000ad72  _SPI_resetChannels                               
0     0000ad6e  _SPI_resetRxFifo                                 
0     0000ad6a  _SPI_resetTxFifo                                 
0     0000ad68  _SPI_setBaudRate                                 
0     0000ad64  _SPI_setCharLength                               
0     0000ad62  _SPI_setClkPhase                                 
0     0000ad5e  _SPI_setClkPolarity                              
0     0000ad5c  _SPI_setMode                                     
0     0000ad55  _SPI_setPriority                                 
0     0000ad4e  _SPI_setRxFifoIntLevel                           
0     0000ad47  _SPI_setSteInv                                   
0     0000ad40  _SPI_setSuspend                                  
0     0000ad39  _SPI_setTriWire                                  
0     0000ad36  _SPI_setTxDelay                                  
0     0000ad2f  _SPI_setTxFifoIntLevel                           
0     0000b2a7  _TIMER_clearFlag                                 
0     0000b2a4  _TIMER_disableInt                                
0     0000b2a1  _TIMER_enableInt                                 
0     0000b29e  _TIMER_getStatus                                 
0     0000b298  _TIMER_init                                      
0     0000b28a  _TIMER_setDecimationFactor                       
0     0000b286  _TIMER_setEmulationMode                          
0     0000b278  _TIMER_setPreScaler                              
0     000097d7  _USER_calcPIgains                                
0     000097d3  _USER_checkForErrors                             
0     000097c5  _USER_computeFlux                                
0     00009789  _USER_computeFlux_pu_to_VpHz_sf                  
0     0000974d  _USER_computeFlux_pu_to_Wb_sf                    
0     00009711  _USER_computeTorque_Flux_Iq_pu_to_Nm_sf          
0     000096d7  _USER_computeTorque_Ls_Id_Iq_pu_to_Nm_sf         
0     0000968a  _USER_computeTorque_Nm                           
0     00009632  _USER_computeTorque_lbin                         
0     0000962f  _USER_getErrorCode                               
0     0000962c  _USER_setErrorCode                               
0     000094ed  _USER_setParams                                  
0     0000946a  _USER_softwareUpdate1p6                          
0     0000b22c  _WDOG_clearCounter                               
0     0000b224  _WDOG_disable                                    
0     0000b21e  _WDOG_disableInt                                 
0     0000b218  _WDOG_disableOverRide                            
0     0000b20f  _WDOG_enable                                     
0     0000b209  _WDOG_enableInt                                  
0     0000b203  _WDOG_enableOverRide                             
0     0000b200  _WDOG_getIntStatus                               
0     0000b1fa  _WDOG_init                                       
0     0000b1f8  _WDOG_setCount                                   
0     0000b1ee  _WDOG_setPreScaler                               
0     0000b793  __IQ24cosPU                                      
0     0000b76a  __IQ24sinPU                                      
0     0000b728  __IQ24sqrt                                       
0     0000b7ba  __IQ30toF                                        
1     000007b0  __STACK_END                                      
abs   000003b0  __STACK_SIZE                                     
0     0000b4f6  ___TI_cleanup_ptr                                
0     0000b4f8  ___TI_dtors_ptr                                  
0     0000b4f4  ___TI_enable_exit_profile_output                 
abs   ffffffff  ___TI_pprof_out_hndl                             
abs   ffffffff  ___TI_prof_data_size                             
abs   ffffffff  ___TI_prof_data_start                            
abs   ffffffff  ___binit__                                       
abs   ffffffff  ___c_args__                                      
0     00000050  ___cinit__                                       
0     0000b4f4  ___etext__                                       
abs   ffffffff  ___pinit__                                       
0     00008000  ___text__                                        
0     0000b479  __args_main                                      
0     0000b4fa  __lock                                           
0     0000b4de  __nop                                            
0     0000b4da  __register_lock                                  
0     0000b4d6  __register_unlock                                
1     00000400  __stack                                          
0     0000b4f3  __system_post_cinit                              
0     0000b4f1  __system_pre_init                                
0     0000b4fc  __unlock                                         
0     0000b2d7  _abort                                           
0     0000b153  _c_int00                                         
0     0000afcc  _ceil                                            
0     0000afcc  _ceilf                                           
0     0000b510  _controller_obj                                  
0     0000b34a  _copy_in                                         
0     0000b4cc  _copysign                                        
0     0000b4cc  _copysignf                                       
0     0000b66c  _cpu                                             
0     0000b50e  _ctrlHandle                                      
0     0000b66d  _errno                                           
0     0000b2d9  _exit                                            
0     0000b51a  _gAdcData                                        
0     0000b502  _gCounter_updateGlobals                          
0     0000b528  _gDrvSpi8301Vars                                 
0     0000b504  _gFlux_pu_to_VpHz_sf                             
0     0000b506  _gFlux_pu_to_Wb_sf                               
0     0000b500  _gLEDcnt                                         
0     0000b512  _gMaxCurrentSlope                                
0     0000b540  _gMotorVars                                      
0     0000b514  _gPwmData                                        
0     0000b508  _gTorque_Flux_Iq_pu_to_Nm_sf                     
0     0000b50a  _gTorque_Ls_Id_Iq_pu_to_Nm_sf                    
0     0000b5c0  _gUserParams                                     
0     0000b680  _hal                                             
0     0000b50c  _halHandle                                       
0     0000b035  _ldexp                                           
0     0000b035  _ldexpf                                          
0     0000a878  _log                                             
0     0000a878  _logf                                            
0     0000a2f2  _main                                            
0     0000ac72  _mainISR                                         
0     0000b40c  _memcpy                                          
0     00009898  _pow                                             
0     00009898  _powf                                            
0     0000b035  _scalbn                                          
0     0000b035  _scalbnf                                         
0     0000af56  _sqrt                                            
0     0000af56  _sqrtf                                           
0     0000a27f  _updateGlobalVariables_motor                     
0     00000141  _usDelay                                         
abs   ffffffff  binit                                            
0     00000050  cinit                                            
0     00000000  code_start                                       
0     0000b4f4  etext                                            
abs   ffffffff  pinit                                            


GLOBAL SYMBOLS: SORTED BY Symbol Address 

page  address   name                                             
----  -------   ----                                             
0     00000000  code_start                                       
0     00000050  ___cinit__                                       
0     00000050  cinit                                            
0     0000010f  _FLASH_setStandbyWaitCount                       
0     0000010f  _RamfuncsLoadStart                               
0     0000010f  _RamfuncsRunStart                                
0     00000114  _FLASH_setPowerMode                              
0     0000011b  _FLASH_setOtpWaitStates                          
0     00000122  _FLASH_setNumRandomReadWaitStates                
0     00000129  _FLASH_setNumPagedReadWaitStates                 
0     00000130  _FLASH_setActiveWaitCount                        
0     00000135  _FLASH_enablePipelineMode                        
0     0000013b  _FLASH_disablePipelineMode                       
0     00000141  _usDelay                                         
0     00000145  _RamfuncsLoadEnd                                 
0     00008000  .text                                            
0     00008000  _HAL_writeDrvData                                
0     00008000  ___text__                                        
0     00008005  _HAL_setupTimers                                 
0     0000805e  _HAL_setupSpiB                                   
0     00008094  _HAL_setupSpiA                                   
0     000080da  _HAL_setupPwms                                   
0     000081b2  _HAL_setupPwmDacs                                
0     0000823f  _HAL_setupPll                                    
0     0000827e  _HAL_setupPie                                    
0     0000829a  _HAL_setupPeripheralClks                         
0     000082e7  _HAL_setupGpios                                  
0     0000846e  _HAL_setupGate                                   
0     00008483  _HAL_setupFlash                                  
0     000084a1  _HAL_setupFaults                                 
0     000084bf  _HAL_setupDrvSpi                                 
0     000084c4  _HAL_setupClks                                   
0     000084e0  _HAL_setupAdcs                                   
0     00008598  _HAL_AdcCalChanSelect                            
0     000085ef  _HAL_AdcCalConversion                            
0     00008751  _HAL_AdcOffsetSelfCal                            
0     00008784  _HAL_getOscTrimValue                             
0     00008797  _HAL_osc1Comp                                    
0     000087d7  _HAL_osc2Comp                                    
0     00008817  _HAL_OscTempComp                                 
0     00008870  _HAL_cal                                         
0     00008887  _HAL_setParams                                   
0     000089a5  _HAL_setDacParameters                            
0     000089bf  _HAL_readDrvData                                 
0     000089c4  _HAL_disableWdog                                 
0     000089c9  _HAL_init                                        
0     00008a97  _HAL_enableTimer0Int                             
0     00008aa7  _HAL_enablePwmInt                                
0     00008ab8  _HAL_enableGlobalInts                            
0     00008abc  _HAL_enableDrv                                   
0     00008ac1  _HAL_enableDebugInt                              
0     00008ac5  _HAL_enableAdcInts                               
0     00008ad7  _HAL_disableGlobalInts                           
0     00008adb  _CTRL_updateState                                
0     00008b8e  _CTRL_setup_user                                 
0     00008bf0  _CTRL_setupClarke_V                              
0     00008c06  _CTRL_setupClarke_I                              
0     00008c22  _CTRL_setup                                      
0     00008c2c  _CTRL_setWaitTimes                               
0     00008c35  _CTRL_setSpd_ref_pu                              
0     00008c38  _CTRL_setSpd_ref_krpm                            
0     00008c4b  _CTRL_setGains                                   
0     00008c73  _CTRL_setParams                                  
0     00008ed1  _CTRL_run                                        
0     000093f4  _CTRL_getWaitTimes                               
0     000093fd  _CTRL_getVdq_out_pu                              
0     00009404  _CTRL_getVab_out_pu                              
0     0000940b  _CTRL_getVab_in_pu                               
0     00009412  _CTRL_getIdq_ref_pu                              
0     00009419  _CTRL_getIdq_in_pu                               
0     00009420  _CTRL_getIab_in_pu                               
0     00009427  _CTRL_getIab_filt_pu                             
0     0000942e  _CTRL_getGains                                   
0     0000945e  _CTRL_setMaximumSpeed_pu                         
0     00009461  _CTRL_setMagCurrent_pu                           
0     00009464  _CTRL_getMaximumSpeed_pu                         
0     00009467  _CTRL_getMagCurrent_pu                           
0     0000946a  _USER_softwareUpdate1p6                          
0     000094ed  _USER_setParams                                  
0     0000962c  _USER_setErrorCode                               
0     0000962f  _USER_getErrorCode                               
0     00009632  _USER_computeTorque_lbin                         
0     0000968a  _USER_computeTorque_Nm                           
0     000096d7  _USER_computeTorque_Ls_Id_Iq_pu_to_Nm_sf         
0     00009711  _USER_computeTorque_Flux_Iq_pu_to_Nm_sf          
0     0000974d  _USER_computeFlux_pu_to_Wb_sf                    
0     00009789  _USER_computeFlux_pu_to_VpHz_sf                  
0     000097c5  _USER_computeFlux                                
0     000097d3  _USER_checkForErrors                             
0     000097d7  _USER_calcPIgains                                
0     00009898  _pow                                             
0     00009898  _powf                                            
0     00009cb7  _PWM_setTripZoneState_TZB                        
0     00009cc3  _PWM_setTripZoneState_TZA                        
0     00009ccd  _PWM_setTripZoneState_DCBEVT2                    
0     00009cd9  _PWM_setTripZoneState_DCBEVT1                    
0     00009ce5  _PWM_setTripZoneState_DCAEVT2                    
0     00009cf1  _PWM_setTripZoneState_DCAEVT1                    
0     00009cfd  _PWM_setTripZoneDCEventSelect_DCBEVT2            
0     00009d09  _PWM_setTripZoneDCEventSelect_DCBEVT1            
0     00009d15  _PWM_setTripZoneDCEventSelect_DCAEVT2            
0     00009d21  _PWM_setTripZoneDCEventSelect_DCAEVT1            
0     00009d2b  _PWM_setSyncMode                                 
0     00009d2f  _PWM_setSwSync                                   
0     00009d32  _PWM_setSocBPulseSrc                             
0     00009d3b  _PWM_setSocBPeriod                               
0     00009d44  _PWM_setSocAPulseSrc                             
0     00009d4e  _PWM_setSocAPeriod                               
0     00009d57  _PWM_setShadowMode_CmpB                          
0     00009d5d  _PWM_setShadowMode_CmpA                          
0     00009d63  _PWM_setRunMode                                  
0     00009d67  _PWM_setPhaseDir                                 
0     00009d6b  _PWM_setPhase                                    
0     00009d6d  _PWM_setPeriodLoad                               
0     00009d71  _PWM_setPeriodHr                                 
0     00009d76  _PWM_setPeriod                                   
0     00009d78  _PWM_setLoadMode_CmpB                            
0     00009d7e  _PWM_setLoadMode_CmpA                            
0     00009d82  _PWM_setIntPeriod                                
0     00009d89  _PWM_setIntMode                                  
0     00009d90  _PWM_setHrShadowMode                             
0     00009d9a  _PWM_setHrEdgeMode                               
0     00009da4  _PWM_setHrControlMode                            
0     00009dae  _PWM_setHighSpeedClkDiv                          
0     00009db2  _PWM_setDigitalCompareInput                      
0     00009dc1  _PWM_setDigitalCompareFilterWindow               
0     00009dc4  _PWM_setDigitalCompareFilterSource               
0     00009dce  _PWM_setDigitalCompareFilterOffset               
0     00009dd1  _PWM_setDigitalCompareBlankingPulse              
0     00009ddd  _PWM_setDigitalCompareBEvent2                    
0     00009ded  _PWM_setDigitalCompareBEvent1                    
0     00009e07  _PWM_setDigitalCompareAEvent2                    
0     00009e17  _PWM_setDigitalCompareAEvent1                    
0     00009e31  _PWM_setDeadBandRisingEdgeDelay                  
0     00009e34  _PWM_setDeadBandPolarity                         
0     00009e3b  _PWM_setDeadBandOutputMode                       
0     00009e42  _PWM_setDeadBandInputMode                        
0     00009e49  _PWM_setDeadBandFallingEdgeDelay                 
0     00009e4c  _PWM_setCounterMode                              
0     00009e50  _PWM_setCount                                    
0     00009e52  _PWM_setClkDiv                                   
0     00009e56  _PWM_setChoppingPulseWidth                       
0     00009e5d  _PWM_setChoppingDutyCycle                        
0     00009e64  _PWM_setChoppingClkFreq                          
0     00009e6b  _PWM_setActionQual_Zero_PwmB                     
0     00009e72  _PWM_setActionQual_Zero_PwmA                     
0     00009e79  _PWM_setActionQual_Period_PwmB                   
0     00009e82  _PWM_setActionQual_Period_PwmA                   
0     00009e8b  _PWM_setActionQual_CntUp_CmpB_PwmB               
0     00009e94  _PWM_setActionQual_CntUp_CmpB_PwmA               
0     00009e9d  _PWM_setActionQual_CntUp_CmpA_PwmB               
0     00009ea6  _PWM_setActionQual_CntUp_CmpA_PwmA               
0     00009eaf  _PWM_setActionQual_CntDown_CmpB_PwmB             
0     00009eb8  _PWM_setActionQual_CntDown_CmpB_PwmA             
0     00009ec1  _PWM_setActionQual_CntDown_CmpA_PwmB             
0     00009eca  _PWM_setActionQual_CntDown_CmpA_PwmA             
0     00009ed3  _PWM_setActionQualContSWForce_PwmB               
0     00009edc  _PWM_setActionQualContSWForce_PwmA               
0     00009ee3  _PWM_init                                        
0     00009ee9  _PWM_incrementDeadBandRisingEdgeDelay            
0     00009eec  _PWM_incrementDeadBandFallingEdgeDelay           
0     00009eef  _PWM_getSocBCount                                
0     00009ef4  _PWM_getSocACount                                
0     00009ef9  _PWM_getShadowStatus_CmpB                        
0     00009efd  _PWM_getShadowStatus_CmpA                        
0     00009f01  _PWM_getIntCount                                 
0     00009f05  _PWM_getDeadBandRisingEdgeDelay                  
0     00009f08  _PWM_getDeadBandFallingEdgeDelay                 
0     00009f0b  _PWM_enableTripZoneSrc                           
0     00009f11  _PWM_enableTripZoneInt                           
0     00009f17  _PWM_enableSocBPulse                             
0     00009f1b  _PWM_enableSocAPulse                             
0     00009f1f  _PWM_enableInt                                   
0     00009f23  _PWM_enableHrPhaseSync                           
0     00009f2a  _PWM_enableHrPeriod                              
0     00009f31  _PWM_enableDigitalCompareBlankingWindowInversion 
0     00009f38  _PWM_enableDigitalCompareBlankingWindow          
0     00009f3f  _PWM_enableDeadBandHalfCycle                     
0     00009f43  _PWM_enableCounterLoad                           
0     00009f46  _PWM_enableChopping                              
0     00009f4a  _PWM_enableAutoConvert                           
0     00009f51  _PWM_disableTripZones                            
0     00009f57  _PWM_disableTripZoneSrc                          
0     00009f5e  _PWM_disableTripZoneInt                          
0     00009f65  _PWM_disableSocBPulse                            
0     00009f69  _PWM_disableSocAPulse                            
0     00009f6d  _PWM_disableInt                                  
0     00009f71  _PWM_disableHrPhaseSync                          
0     00009f78  _PWM_disableHrPeriod                             
0     00009f7f  _PWM_disableDigitalCompareBlankingWindowInversion
0     00009f86  _PWM_disableDigitalCompareBlankingWindow         
0     00009f8d  _PWM_disableDeadBandHalfCycle                    
0     00009f91  _PWM_disableDeadBand                             
0     00009f94  _PWM_disableCounterLoad                          
0     00009f97  _PWM_disableChopping                             
0     00009f9b  _PWM_disableAutoConvert                          
0     00009fa2  _PWM_decrementDeadBandRisingEdgeDelay            
0     00009fa5  _PWM_decrementDeadBandFallingEdgeDelay           
0     00009fa8  _PWM_clearTripZone                               
0     00009fae  _DRV8301_writeSpi                                
0     00009fc5  _DRV8301_writeData                               
0     00009fee  _DRV8301_readSpi                                 
0     0000a026  _DRV8301_setupSpi                                
0     0000a0ad  _DRV8301_setSpiHandle                            
0     0000a0af  _DRV8301_setShuntAmpGain                         
0     0000a0c3  _DRV8301_setPwmMode                              
0     0000a0d7  _DRV8301_setPeakCurrent                          
0     0000a0eb  _DRV8301_setOcTwMode                             
0     0000a0ff  _DRV8301_setOcOffTimeMode                        
0     0000a113  _DRV8301_setOcMode                               
0     0000a127  _DRV8301_setOcLevel                              
0     0000a13b  _DRV8301_setGpioNumber                           
0     0000a13d  _DRV8301_setGpioHandle                           
0     0000a13f  _DRV8301_setDcCalMode                            
0     0000a15e  _DRV8301_reset                                   
0     0000a16d  _DRV8301_readData                                
0     0000a1e3  _DRV8301_isReset                                 
0     0000a1ea  _DRV8301_isFault                                 
0     0000a1f0  _DRV8301_init                                    
0     0000a1f9  _DRV8301_getShuntAmpGain                         
0     0000a200  _DRV8301_getPwmMode                              
0     0000a207  _DRV8301_getPeakCurrent                          
0     0000a20e  _DRV8301_getOcTwMode                             
0     0000a215  _DRV8301_getOcOffTimeMode                        
0     0000a21c  _DRV8301_getOcMode                               
0     0000a223  _DRV8301_getOcLevel                              
0     0000a22a  _DRV8301_getId                                   
0     0000a230  _DRV8301_getFaultType                            
0     0000a24b  _DRV8301_getDcCalMode                            
0     0000a25d  _DRV8301_enable                                  
0     0000a27f  _updateGlobalVariables_motor                     
0     0000a2f2  _main                                            
0     0000a4f6  _ADC_setupSocTrigSrc                             
0     0000a520  _ADC_setVoltRefSrc                               
0     0000a531  _ADC_setTempSensorSrc                            
0     0000a542  _ADC_setSocTrigSrc                               
0     0000a556  _ADC_setSocSampleDelay                           
0     0000a56a  _ADC_setSocFrcWord                               
0     0000a574  _ADC_setSocFrc                                   
0     0000a581  _ADC_setSocChanNumber                            
0     0000a595  _ADC_setSampleOverlapMode                        
0     0000a5a8  _ADC_setSampleMode                               
0     0000a5bf  _ADC_setOffTrim                                  
0     0000a5c9  _ADC_setIntSrc                                   
0     0000a5ea  _ADC_setIntPulseGenMode                          
0     0000a5fb  _ADC_setIntMode                                  
0     0000a61c  _ADC_setDivideSelect                             
0     0000a62d  _ADC_reset                                       
0     0000a637  _ADC_powerUp                                     
0     0000a641  _ADC_powerDown                                   
0     0000a64b  _ADC_init                                        
0     0000a653  _ADC_getDivideSelect                             
0     0000a65d  _ADC_enableVoltRefLoConv                         
0     0000a667  _ADC_enableRefBuffers                            
0     0000a671  _ADC_enableNoOverlapMode                         
0     0000a67b  _ADC_enableInt                                   
0     0000a691  _ADC_enableBandGap                               
0     0000a69b  _ADC_enable                                      
0     0000a6a5  _ADC_disableVoltRefLoConv                        
0     0000a6af  _ADC_disableRefBuffers                           
0     0000a6b9  _ADC_disableNoOverlapMode                        
0     0000a6c3  _ADC_disableInt                                  
[...]
0     0000ac5e  _PIE_disableAllInts                              
0     0000ac65  _PIE_disable                                     
0     0000ac68  _PIE_clearAllInts                                
0     0000ac6b  _PIE_clearAllFlags                               
0     0000ac72  _mainISR                                         
0     0000ad2f  _SPI_setTxFifoIntLevel                           
0     0000ad36  _SPI_setTxDelay                                  
0     0000ad39  _SPI_setTriWire                                  
0     0000ad40  _SPI_setSuspend                                  
0     0000ad47  _SPI_setSteInv                                   
0     0000ad4e  _SPI_setRxFifoIntLevel                           
0     0000ad55  _SPI_setPriority                                 
0     0000ad5c  _SPI_setMode                                     
0     0000ad5e  _SPI_setClkPolarity                              
0     0000ad62  _SPI_setClkPhase                                 
0     0000ad64  _SPI_setCharLength                               
0     0000ad68  _SPI_setBaudRate                                 
0     0000ad6a  _SPI_resetTxFifo                                 
0     0000ad6e  _SPI_resetRxFifo                                 
0     0000ad72  _SPI_resetChannels                               
0     0000ad76  _SPI_reset                                       
0     0000ad79  _SPI_init                                        
0     0000ad7f  _SPI_getTxFifoStatus                             
0     0000ad83  _SPI_getTxBufferStatus                           
0     0000ad86  _SPI_getRxFifoStatus                             
0     0000ad8a  _SPI_getIntFlagStatus                            
0     0000ad8d  _SPI_enableTxFifoInt                             
0     0000ad91  _SPI_enableTxFifoEnh                             
0     0000ad95  _SPI_enableTxFifo                                
0     0000ad99  _SPI_enableTx                                    
0     0000ad9c  _SPI_enableRxFifoInt                             
0     0000ada0  _SPI_enableRxFifo                                
0     0000ada4  _SPI_enableOverRunInt                            
0     0000ada7  _SPI_enableLoopBack                              
0     0000adaa  _SPI_enableInt                                   
0     0000adad  _SPI_enableChannels                              
0     0000adb1  _SPI_enable                                      
0     0000adb4  _SPI_disableTxFifoInt                            
0     0000adb8  _SPI_disableTxFifoEnh                            
0     0000adbc  _SPI_disableTx                                   
0     0000adbf  _SPI_disableRxFifoInt                            
0     0000adc3  _SPI_disableOverRunInt                           
0     0000adc6  _SPI_disableLoopBack                             
0     0000adc9  _SPI_disableInt                                  
0     0000adcc  _SPI_clearTxFifoInt                              
0     0000add0  _SPI_clearRxFifoOvf                              
0     0000add4  _SPI_clearRxFifoInt                              
0     0000add8  FD$$MPY                                          
0     0000ae5b  FS$$DIV                                          
0     0000aede  FS$$SUB                                          
0     0000aee3  FS$$ADD                                          
0     0000af56  _sqrt                                            
0     0000af56  _sqrtf                                           
0     0000afcc  _ceil                                            
0     0000afcc  _ceilf                                           
0     0000b035  _ldexp                                           
0     0000b035  _ldexpf                                          
0     0000b035  _scalbn                                          
0     0000b035  _scalbnf                                         
0     0000b09e  _PLL_setLockPeriod                               
0     0000b0a3  _PLL_setDivideSelect                             
0     0000b0aa  _PLL_setClkFreq                                  
0     0000b0b0  _PLL_resetClkDetect                              
0     0000b0b6  _PLL_init                                        
0     0000b0bc  _PLL_getLockStatus                               
0     0000b0bf  _PLL_getDivideSelect                             
0     0000b0c2  _PLL_getClkStatus                                
0     0000b0c5  _PLL_getClkFreq                                  
0     0000b0c9  _PLL_enableOsc                                   
0     0000b0cf  _PLL_enableNormRdy                               
0     0000b0d5  _PLL_enableClkDetect                             
0     0000b0db  _PLL_enable                                      
0     0000b0e1  _PLL_disableOsc                                  
0     0000b0e7  _PLL_disableNormRdy                              
0     0000b0ed  _PLL_disableClkDetect                            
0     0000b0f3  _PLL_disable                                     
0     0000b0f9  FS$$MPY                                          
0     0000b153  _c_int00                                         
0     0000b1a7  _OFFSET_setOffset                                
0     0000b1a9  _OFFSET_setInitCond                              
0     0000b1b8  _OFFSET_setBeta                                  
0     0000b1ce  _OFFSET_init                                     
0     0000b1df  _OFFSET_getBeta                                  
0     0000b1ee  _WDOG_setPreScaler                               
0     0000b1f8  _WDOG_setCount                                   
0     0000b1fa  _WDOG_init                                       
0     0000b200  _WDOG_getIntStatus                               
0     0000b203  _WDOG_enableOverRide                             
0     0000b209  _WDOG_enableInt                                  
0     0000b20f  _WDOG_enable                                     
0     0000b218  _WDOG_disableOverRide                            
0     0000b21e  _WDOG_disableInt                                 
0     0000b224  _WDOG_disable                                    
0     0000b22c  _WDOG_clearCounter                               
0     0000b234  _PWR_setNumStandByClocks                         
0     0000b245  _PWR_setLowPowerMode                             
0     0000b256  _PWR_init                                        
0     0000b25e  _PWR_enableWatchDogInt                           
0     0000b268  _PWR_enableBrownOutReset                         
0     0000b26b  _PWR_disableWatchDogInt                          
0     0000b275  _PWR_disableBrownOutReset                        
0     0000b278  _TIMER_setPreScaler                              
0     0000b286  _TIMER_setEmulationMode                          
0     0000b28a  _TIMER_setDecimationFactor                       
0     0000b298  _TIMER_init                                      
0     0000b29e  _TIMER_getStatus                                 
0     0000b2a1  _TIMER_enableInt                                 
0     0000b2a4  _TIMER_disableInt                                
0     0000b2a7  _TIMER_clearFlag                                 
0     0000b2aa  _OSC_setTrim                                     
0     0000b2b3  _OSC_setFineTrim                                 
0     0000b2c4  _OSC_setCoarseTrim                               
0     0000b2d1  _OSC_init                                        
0     0000b2d7  C$$EXIT                                          
0     0000b2d7  _abort                                           
0     0000b2d9  _exit                                            
0     0000b300  _CPU_init                                        
0     0000b304  _CPU_enableProtectedRegisterWrite                
0     0000b307  _CPU_enableInt                                   
0     0000b30b  _CPU_enableGlobalInts                            
0     0000b30e  _CPU_enableDebugInt                              
0     0000b311  _CPU_disableProtectedRegisterWrite               
0     0000b314  _CPU_disableInts                                 
0     0000b317  _CPU_disableInt                                  
0     0000b31c  _CPU_disableGlobalInts                           
0     0000b31f  _CPU_disableDebugInt                             
0     0000b322  _CPU_clearIntFlags                               
0     0000b325  FS$$TOI                                          
0     0000b34a  _copy_in                                         
0     0000b36e  _FILTER_FO_setNumCoeffs                          
0     0000b372  _FILTER_FO_setInitialConditions                  
0     0000b377  _FILTER_FO_setDenCoeffs                          
0     0000b379  _FILTER_FO_init                                  
0     0000b37f  _FILTER_FO_getNumCoeffs                          
0     0000b385  _FILTER_FO_getInitialConditions                  
0     0000b38c  _FILTER_FO_getDenCoeffs                          
0     0000b38f  FS$$TOUL                                         
0     0000b3b0  _FLASH_init                                      
0     0000b3b6  _FLASH_getStandbyWaitStatus                      
0     0000b3ba  _FLASH_getStandbyWaitCount                       
0     0000b3bd  _FLASH_getPowerMode                              
0     0000b3c0  _FLASH_getActiveWaitStatus                       
0     0000b3c4  _FLASH_getActiveWaitCount                        
0     0000b3c7  _FLASH_get3VStatus                               
0     0000b3ca  _FLASH_clear3VStatus                             
0     0000b3d0  FD$$TOL                                          
0     0000b3ef  FS$$TOU                                          
0     0000b40c  _memcpy                                          
0     0000b429  FS$$TOFD                                         
0     0000b445  I$$TOFS                                          
0     0000b45f  L$$TOFS                                          
0     0000b479  __args_main                                      
0     0000b492  FS$$CMP                                          
0     0000b4a9  UL$$TOFS                                         
0     0000b4bc  U$$TOFS                                          
0     0000b4cc  _copysign                                        
0     0000b4cc  _copysignf                                       
0     0000b4d6  __register_unlock                                
0     0000b4da  __register_lock                                  
0     0000b4de  __nop                                            
0     0000b4e7  _PIE_illegalIsr                                  
0     0000b4ec  FS$$NEG                                          
0     0000b4f1  __system_pre_init                                
0     0000b4f3  __system_post_cinit                              
0     0000b4f4  ___TI_enable_exit_profile_output                 
0     0000b4f4  ___etext__                                       
0     0000b4f4  etext                                            
0     0000b4f6  ___TI_cleanup_ptr                                
0     0000b4f8  ___TI_dtors_ptr                                  
0     0000b4fa  __lock                                           
0     0000b4fc  __unlock                                         
0     0000b500  _gLEDcnt                                         
0     0000b501  _Flag_Latch_softwareUpdate                       
0     0000b502  _gCounter_updateGlobals                          
0     0000b504  _gFlux_pu_to_VpHz_sf                             
0     0000b506  _gFlux_pu_to_Wb_sf                               
0     0000b508  _gTorque_Flux_Iq_pu_to_Nm_sf                     
0     0000b50a  _gTorque_Ls_Id_Iq_pu_to_Nm_sf                    
0     0000b50c  _halHandle                                       
0     0000b50e  _ctrlHandle                                      
0     0000b510  _controller_obj                                  
0     0000b512  _gMaxCurrentSlope                                
0     0000b514  _gPwmData                                        
0     0000b51a  _gAdcData                                        
0     0000b528  _gDrvSpi8301Vars                                 
0     0000b540  _gMotorVars                                      
0     0000b5c0  _gUserParams                                     
0     0000b66c  _cpu                                             
0     0000b66d  _errno                                           
0     0000b680  _hal                                             
0     0000b728  __IQ24sqrt                                       
0     0000b76a  __IQ24sinPU                                      
0     0000b793  __IQ24cosPU                                      
0     0000b7ba  __IQ30toF                                        
0     003fdc30  _IQsinTable                                      
0     003fdd30  _IQcosTable                                      
0     003fe030  _IQsinTableEnd                                   
0     003fe132  _IQcosTableEnd                                   
0     003fe132  _IQdivRoundSatTable                              
0     003fe140  _IQdivTable                                      
0     003fe342  _IQdivTableEnd                                   
0     003fe342  _IQisqrtRoundSatTable                            
0     003fe342  _IQsqrtRoundSatTable                             
0     003fe352  _IQisqrtTable                                    
0     003fe352  _IQsqrtTable                                     
0     003fe454  _IQatan2HalfPITable                              
0     003fe454  _IQisqrtTableEnd                                 
0     003fe454  _IQsqrtTableEnd                                  
0     003fe492  _IQatan2Table                                    
0     003fe618  _IQ30mpyRndSatTable                              
0     003fe618  _IQatan2TableEnd                                 
0     003fe618  _IQmpyRndSatTable                                
0     003fe624  _IQ29mpyRndSatTable                              
0     003fe630  _IQ28mpyRndSatTable                              
0     003fe63c  _IQ27mpyRndSatTable                              
0     003fe648  _IQ26mpyRndSatTable                              
0     003fe654  _IQ25mpyRndSatTable                              
0     003fe660  _IQ24mpyRndSatTable                              
0     003fe66c  _IQ23mpyRndSatTable                              
0     003fe678  _IQ22mpyRndSatTable                              
0     003fe684  _IQ21mpyRndSatTable                              
0     003fe690  _IQ20mpyRndSatTable                              
0     003fe69c  _IQ19mpyRndSatTable                              
0     003fe6a8  _IQ18mpyRndSatTable                              
0     003fe6b4  _IQ17mpyRndSatTable                              
0     003fe6c0  _IQ16mpyRndSatTable                              
0     003fe6cc  _IQ15mpyRndSatTable                              
0     003fe6d8  _IQ14mpyRndSatTable                              
0     003fe6e4  _IQ13mpyRndSatTable                              
0     003fe6f0  _IQ12mpyRndSatTable                              
0     003fe6fc  _IQ11mpyRndSatTable                              
0     003fe708  _IQ10mpyRndSatTable                              
0     003fe714  _IQ9mpyRndSatTable                               
0     003fe720  _IQ8mpyRndSatTable                               
0     003fe72c  _IQ7mpyRndSatTable                               
0     003fe738  _IQ6mpyRndSatTable                               
0     003fe744  _IQ5mpyRndSatTable                               
0     003fe750  _IQ4mpyRndSatTable                               
0     003fe75c  _IQ3mpyRndSatTable                               
0     003fe768  _IQ2mpyRndSatTable                               
0     003fe774  _IQ1mpyRndSatTable                               
0     003fe780  _IQmpyRndSatTableEnd                             
1     00000400  __stack                                          
1     000007b0  __STACK_END                                      
abs   00000036  _RamfuncsLoadSize                                
abs   000003b0  __STACK_SIZE                                     
abs   003f861b  _EST_getState                                    
abs   003f861d  _EST_useZeroIq_ref                               
abs   003f8679  _EST_isMotorIdentified                           
abs   003f8713  _EST_updateState                                 
abs   003f89f5  _EST_updateId_ref_pu                             
abs   003f8a18  _EST_setRs_pu                                    
abs   003f8adb  _EST_setMaxCurrentSlope_pu                       
abs   003f8ae7  _EST_setLs_q_pu                                  
abs   003f8af1  _EST_setLs_qFmt                                  
abs   003f8b45  _EST_setLs_d_pu                                  
abs   003f8b63  _EST_setIq_ref_pu                                
abs   003f8b67  _EST_setIdle_all                                 
abs   003f8b7a  _EST_setIdle                                     
abs   003f8b80  _EST_setId_ref_pu                                
abs   003f8bdb  _EST_setFlag_enableForceAngle                    
abs   003f8c0d  _EST_getAngle_pu                                 
abs   003f927b  _EST_run                                         
abs   003f9378  _EST_isOnLine                                    
abs   003f937f  _EST_isLockRotor                                 
abs   003f9386  _EST_isIdle                                      
abs   003f938d  _EST_isError                                     
abs   003f9453  _EST_get_pu_to_krpm_sf                           
abs   003f9458  _EST_get_krpm_to_pu_sf                           
abs   003f94c6  _EST_getSpeed_krpm                               
abs   003f9513  _EST_getRs_Ohm                                   
abs   003f95ad  _EST_getRr_Ohm                                   
abs   003f95b3  _EST_getOneOverDcBus_pu                          
abs   003f95bd  _EST_getMaxCurrentSlope_pu                       
abs   003f95c9  _EST_getLs_q_pu                                  
abs   003f95ce  _EST_getLs_q_H                                   
abs   003f95f0  _EST_getLs_d_pu                                  
abs   003f95f5  _EST_getLs_d_H                                   
abs   003f95ff  _EST_getLs_coarse_max_pu                         
abs   003f9632  _EST_getIdRated                                  
abs   003f968e  _EST_getFm_pu                                    
abs   003f96ab  _EST_getFlux_pu                                  
abs   003f96be  _EST_getFlux_VpHz                                
abs   003f9758  _EST_doSpeedCtrl                                 
abs   003f9760  _EST_doCurrentCtrl                               
abs   003f9806  _CTRL_setupTraj                                  
abs   003f996a  _CTRL_setupEstOnLineState                        
abs   003f99a5  _CTRL_setupEstIdleState                          
abs   003f9b43  _CTRL_setupCtrl                                  
abs   003f9d31  _CTRL_setUserMotorParams                         
abs   003f9e64  _CTRL_setEstParams                               
abs   003fa5d1  _CTRL_runTraj                                    
abs   003fa6fb  _CTRL_initCtrl                                   
abs   003fa721  _CTRL_getVersion                                 
abs   ffffffff  ___TI_pprof_out_hndl                             
abs   ffffffff  ___TI_prof_data_size                             
abs   ffffffff  ___TI_prof_data_start                            
abs   ffffffff  ___binit__                                       
abs   ffffffff  ___c_args__                                      
abs   ffffffff  ___pinit__                                       
abs   ffffffff  binit                                            
abs   ffffffff  pinit                                            

[664 symbols]
