******************************************************************************
             TMS320C2000 Linker PC v16.9.3                     
******************************************************************************
>> Linked Wed Aug 02 11:39:43 2017

OUTPUT FILE NAME:   <proj_lab02c.out>
ENTRY POINT SYMBOL: "_c_int00"  address: 0000b337


MEMORY CONFIGURATION

         name            origin    length      used     unused   attr    fill
----------------------  --------  ---------  --------  --------  ----  --------
PAGE 0:
  BEGIN                 00000000   00000002  00000002  00000000  RWIX
  RAMM0                 00000050   000003b0  00000106  000002aa  RWIX
  RAML0_L8              00008000   0000b800  00003a54  00007dac  RWIX
  FPUTABLES             003fd590   000006a0  00000000  000006a0  RWIX
  IQTABLES              003fdc30   00000b50  00000b50  00000000  RWIX
  IQTABLES2             003fe780   0000008c  00000000  0000008c  RWIX
  IQTABLES3             003fe80c   000000aa  00000000  000000aa  RWIX
  BOOTROM               003ff3b0   00000c10  00000000  00000c10  RWIX
  RESET                 003fffc0   00000002  00000000  00000002  RWIX

PAGE 1:
  BOOT_RSVD             00000002   0000004e  00000000  0000004e  RWIX
  RAMM1                 00000400   00000400  000003b0  00000050  RWIX
  USB_RAM               00040000   00000800  00000000  00000800  RWIX


SECTION ALLOCATION MAP

 output                                  attributes/
section   page    origin      length       input sections
--------  ----  ----------  ----------   ----------------
codestart 
*          0    00000000    00000002     
                  00000000    00000002     CodeStartBranch.obj (codestart)

.cinit     0    00000050    000000d0     
                  00000050    000000ae     proj_lab02c.obj (.cinit)
                  000000fe    0000000e     rts2800_ml.lib : exit.obj (.cinit)
                  0000010c    00000005                    : _lock.obj (.cinit:__lock)
                  00000111    00000005                    : _lock.obj (.cinit:__unlock)
                  00000116    00000004     drv8301.obj (.cinit)
                  0000011a    00000004     rts2800_ml.lib : errno.obj (.cinit)
                  0000011e    00000002     --HOLE-- [fill = 0]

ramfuncs   0    00000120    00000036     
                  00000120    00000032     flash.obj (ramfuncs)
                  00000152    00000004     usDelay.obj (ramfuncs)

.text      0    00008000    000036d8     
                  00008000    00000adb     hal.obj (.text)
                  00008adb    0000098f     ctrl.obj (.text)
                  0000946a    00000451     proj_lab02c.obj (.text)
                  000098bb    0000042e     user.obj (.text)
                  00009ce9    0000041f     rts2800_ml.lib : e_powf.obj (.text)
                  0000a108    000002f7     pwm.obj (.text)
                  0000a3ff    000002d1     drv8301.obj (.text)
                  0000a6d0    000001f8     adc.obj (.text)
                  0000a8c8    0000018a     clk.obj (.text)
                  0000aa52    00000186     rts2800_ml.lib : e_logf.obj (.text)
                  0000abd8    00000175     gpio.obj (.text)
                  0000ad4d    000000ff     pie.obj (.text)
                  0000ae4c    000000c7     proj_lab02c.obj (.text:retain)
                  0000af13    000000a9     spi.obj (.text)
                  0000afbc    00000083     rts2800_ml.lib : fd_mpy28.obj (.text)
                  0000b03f    00000083                    : fs_div28.obj (.text)
                  0000b0c2    00000078                    : fs_add28.obj (.text)
                  0000b13a    00000076                    : e_sqrtf.obj (.text)
                  0000b1b0    00000069                    : s_ceilf.obj (.text)
                  0000b219    00000069                    : s_scalbnf.obj (.text)
                  0000b282    0000005b     pll.obj (.text)
                  0000b2dd    0000005a     rts2800_ml.lib : fs_mpy28.obj (.text)
                  0000b337    00000054                    : boot28.obj (.text)
                  0000b38b    00000047     offset.obj (.text)
                  0000b3d2    00000046     wdog.obj (.text)
                  0000b418    00000044     pwr.obj (.text)
                  0000b45c    00000032     timer.obj (.text)
                  0000b48e    0000002d     osc.obj (.text)
                  0000b4bb    00000029     rts2800_ml.lib : exit.obj (.text)
                  0000b4e4    00000025     cpu.obj (.text)
                  0000b509    00000025     rts2800_ml.lib : fs_toi28.obj (.text)
                  0000b52e    00000024                    : cpy_tbl.obj (.text)
                  0000b552    00000021     filter_fo.obj (.text)
                  0000b573    00000021     rts2800_ml.lib : fs_toul28.obj (.text)
                  0000b594    00000020     flash.obj (.text)
                  0000b5b4    0000001f     rts2800_ml.lib : fd_tol28.obj (.text)
                  0000b5d3    0000001d                    : fs_tou28.obj (.text)
                  0000b5f0    0000001d                    : memcpy.obj (.text)
                  0000b60d    0000001c                    : fs_tofd28.obj (.text)
                  0000b629    0000001a                    : i_tofs28.obj (.text)
                  0000b643    0000001a                    : l_tofs28.obj (.text)
                  0000b65d    00000019                    : args_main.obj (.text)
                  0000b676    00000017                    : fs_cmp28.obj (.text)
                  0000b68d    00000013                    : ul_tofs28.obj (.text)
                  0000b6a0    00000010                    : u_tofs28.obj (.text)
                  0000b6b0    0000000a                    : s_copysignf.obj (.text)
                  0000b6ba    00000009                    : _lock.obj (.text)
                  0000b6c3    00000008     CodeStartBranch.obj (.text)
                  0000b6cb    00000005     pie.obj (.text:retain)
                  0000b6d0    00000005     rts2800_ml.lib : fs_neg28.obj (.text)
                  0000b6d5    00000002                    : pre_init.obj (.text)
                  0000b6d7    00000001                    : startup.obj (.text)

.pinit     0    00000050    00000000     UNINITIALIZED

.reset     0    003fffc0    00000002     DSECT
                  003fffc0    00000002     rts2800_ml.lib : boot28.obj (.reset)

.ebss      0    0000b6d8    00000250     UNINITIALIZED
                  0000b6d8    00000006     rts2800_ml.lib : exit.obj (.ebss)
                  0000b6de    00000002                    : _lock.obj (.ebss:__lock)
                  0000b6e0    00000002                    : _lock.obj (.ebss:__unlock)
                  0000b6e2    00000002     drv8301.obj (.ebss)
                  0000b6e4    00000001     cpu.obj (.ebss)
                  0000b6e5    00000001     rts2800_ml.lib : errno.obj (.ebss)
                  0000b6e6    0000001a     --HOLE--
                  0000b700    0000016c     proj_lab02c.obj (.ebss)
                  0000b86c    00000014     --HOLE--
                  0000b880    000000a8     hal.obj (.ebss)

IQmath     0    0000b928    000000a6     
                  0000b928    00000042     IQmath.lib : IQ24sqrt.obj (IQmath)
                  0000b96a    00000029                : IQ24sinPU.obj (IQmath)
                  0000b993    00000027                : IQ24cosPU.obj (IQmath)
                  0000b9ba    00000014                : IQ30toF.obj (IQmath)

.econst    0    0000b9ce    00000086     
                  0000b9ce    00000032     rts2800_ml.lib : e_powf.obj (.econst)
                  0000ba00    00000010                    : e_logf.obj (.econst)
                  0000ba10    00000008     user.obj (.econst)
                  0000ba18    00000006     rts2800_ml.lib : s_scalbnf.obj (.econst)
                  0000ba1e    00000004     ctrl.obj (.econst:_$P$T0$1)
                  0000ba22    00000004     ctrl.obj (.econst:_$P$T1$2)
                  0000ba26    00000004     ctrl.obj (.econst:_$P$T2$3)
                  0000ba2a    00000004     ctrl.obj (.econst:_$P$T3$4)
                  0000ba2e    00000004     ctrl.obj (.econst:_$P$T4$5)
                  0000ba32    00000004     ctrl.obj (.econst:_$P$T5$6)
                  0000ba36    00000004     rts2800_ml.lib : e_powf.obj (.econst:_bp)
                  0000ba3a    00000004                    : e_powf.obj (.econst:_dp_h)
                  0000ba3e    00000004                    : e_powf.obj (.econst:_dp_l)
                  0000ba42    00000004     ctrl.obj (.econst)
                  0000ba46    00000004     hal.obj (.econst)
                  0000ba4a    00000004     proj_lab02c.obj (.econst)
                  0000ba4e    00000004     rts2800_ml.lib : e_sqrtf.obj (.econst)
                  0000ba52    00000002                    : s_ceilf.obj (.econst)

.stack     1    00000400    000003b0     UNINITIALIZED
                  00000400    000003b0     --HOLE--

IQmathTables 
*          0    003fdc30    00000b50     NOLOAD SECTION
                  003fdc30    00000b50     IQmath.lib : IQmathTables.obj (IQmathTables)

MODULE SUMMARY

       Module                code    initialized data   uninitialized data
       ------                ----    ----------------   ------------------
    .\
       hal.obj               2779    4                  168               
       ctrl.obj              2447    28                 0                 
       proj_lab02c.obj       1304    178                364               
       user.obj              1070    8                  0                 
       pwm.obj               759     0                  0                 
       drv8301.obj           721     4                  2                 
       adc.obj               504     0                  0                 
       clk.obj               394     0                  0                 
       gpio.obj              373     0                  0                 
       pie.obj               260     0                  0                 
       spi.obj               169     0                  0                 
       pll.obj               91      0                  0                 
       flash.obj             82      0                  0                 
       offset.obj            71      0                  0                 
       wdog.obj              70      0                  0                 
       pwr.obj               68      0                  0                 
       timer.obj             50      0                  0                 
       osc.obj               45      0                  0                 
       cpu.obj               37      0                  1                 
       filter_fo.obj         33      0                  0                 
       CodeStartBranch.obj   10      0                  0                 
       usDelay.obj           4       0                  0                 
    +--+---------------------+-------+------------------+--------------------+
       Total:                11341   222                535               
                                                                          
    C:/ti/ccsv7/tools/compiler/ti-cgt-c2000_16.9.3.LTS/lib/rts2800_ml.lib
       e_powf.obj            1055    62                 0                 
       e_logf.obj            390     16                 0                 
       fd_mpy28.obj          131     0                  0                 
       fs_div28.obj          131     0                  0                 
       e_sqrtf.obj           118     4                  0                 
       fs_add28.obj          120     0                  0                 
       s_scalbnf.obj         105     6                  0                 
       s_ceilf.obj           105     2                  0                 
       fs_mpy28.obj          90      0                  0                 
       boot28.obj            84      0                  0                 
       exit.obj              41      14                 6                 
       fs_toi28.obj          37      0                  0                 
       cpy_tbl.obj           36      0                  0                 
       fs_toul28.obj         33      0                  0                 
       fd_tol28.obj          31      0                  0                 
       fs_tou28.obj          29      0                  0                 
       memcpy.obj            29      0                  0                 
       fs_tofd28.obj         28      0                  0                 
       i_tofs28.obj          26      0                  0                 
       l_tofs28.obj          26      0                  0                 
       args_main.obj         25      0                  0                 
       _lock.obj             9       10                 4                 
       fs_cmp28.obj          23      0                  0                 
       ul_tofs28.obj         19      0                  0                 
       u_tofs28.obj          16      0                  0                 
       s_copysignf.obj       10      0                  0                 
       errno.obj             0       4                  1                 
       fs_neg28.obj          5       0                  0                 
       pre_init.obj          2       0                  0                 
       startup.obj           1       0                  0                 
    +--+---------------------+-------+------------------+--------------------+
       Total:                2755    118                11                
                                                                          
    C:/ti/motorware/motorware_1_01_00_18/sw/modules/iqmath/lib/f28x/32b/IQmath.lib
       IQmathTables.obj      0       2896               0                 
       IQ24sqrt.obj          0       66                 0                 
       IQ24sinPU.obj         0       41                 0                 
       IQ24cosPU.obj         0       39                 0                 
       IQ30toF.obj           0       20                 0                 
    +--+---------------------+-------+------------------+--------------------+
       Total:                0       3062               0                 
                                                                          
       Stack:                0       0                  944               
    +--+---------------------+-------+------------------+--------------------+
       Grand Total:          14096   3402               1490              


GLOBAL DATA SYMBOLS: SORTED BY DATA PAGE

address     data page           name
--------    ----------------    ----
00000400      10 (00000400)     __stack

0000b6d8     2db (0000b6c0)     ___TI_enable_exit_profile_output
0000b6da     2db (0000b6c0)     ___TI_cleanup_ptr
0000b6dc     2db (0000b6c0)     ___TI_dtors_ptr
0000b6de     2db (0000b6c0)     __lock
0000b6e0     2db (0000b6c0)     __unlock
0000b6e4     2db (0000b6c0)     _cpu
0000b6e5     2db (0000b6c0)     _errno

0000b700     2dc (0000b700)     _gCounter_updateGlobals
0000b701     2dc (0000b700)     _Flag_Latch_softwareUpdate
0000b702     2dc (0000b700)     _gLs_qFmt
0000b703     2dc (0000b700)     _gLEDcnt
0000b704     2dc (0000b700)     _gMax_Ls_qFmt
0000b706     2dc (0000b700)     _gMaxCurrentSlope
0000b708     2dc (0000b700)     _halHandle
0000b70a     2dc (0000b700)     _gLs_pu
0000b70c     2dc (0000b700)     _controller_obj
0000b70e     2dc (0000b700)     _ctrlHandle
0000b710     2dc (0000b700)     _gPwmData
0000b716     2dc (0000b700)     _gAdcData
0000b724     2dc (0000b700)     _gDrvSpi8301Vars

0000b740     2dd (0000b740)     _gMotorVars

0000b7c0     2df (0000b7c0)     _gUserParams

0000b880     2e2 (0000b880)     _hal

0000b928     2e4 (0000b900)     __IQ24sqrt

0000b96a     2e5 (0000b940)     __IQ24sinPU

0000b993     2e6 (0000b980)     __IQ24cosPU
0000b9ba     2e6 (0000b980)     __IQ30toF

003fdc30    ff70 (003fdc00)     _IQsinTable

003fdd30    ff74 (003fdd00)     _IQcosTable

003fe030    ff80 (003fe000)     _IQsinTableEnd

003fe132    ff84 (003fe100)     _IQcosTableEnd
003fe132    ff84 (003fe100)     _IQdivRoundSatTable

003fe140    ff85 (003fe140)     _IQdivTable

003fe342    ff8d (003fe340)     _IQdivTableEnd
003fe342    ff8d (003fe340)     _IQisqrtRoundSatTable
003fe342    ff8d (003fe340)     _IQsqrtRoundSatTable
003fe352    ff8d (003fe340)     _IQisqrtTable
003fe352    ff8d (003fe340)     _IQsqrtTable

003fe454    ff91 (003fe440)     _IQatan2HalfPITable
003fe454    ff91 (003fe440)     _IQisqrtTableEnd
003fe454    ff91 (003fe440)     _IQsqrtTableEnd

003fe492    ff92 (003fe480)     _IQatan2Table

003fe618    ff98 (003fe600)     _IQ30mpyRndSatTable
003fe618    ff98 (003fe600)     _IQatan2TableEnd
003fe618    ff98 (003fe600)     _IQmpyRndSatTable
003fe624    ff98 (003fe600)     _IQ29mpyRndSatTable
003fe630    ff98 (003fe600)     _IQ28mpyRndSatTable
003fe63c    ff98 (003fe600)     _IQ27mpyRndSatTable

003fe648    ff99 (003fe640)     _IQ26mpyRndSatTable
003fe654    ff99 (003fe640)     _IQ25mpyRndSatTable
003fe660    ff99 (003fe640)     _IQ24mpyRndSatTable
003fe66c    ff99 (003fe640)     _IQ23mpyRndSatTable
003fe678    ff99 (003fe640)     _IQ22mpyRndSatTable

003fe684    ff9a (003fe680)     _IQ21mpyRndSatTable
003fe690    ff9a (003fe680)     _IQ20mpyRndSatTable
003fe69c    ff9a (003fe680)     _IQ19mpyRndSatTable
003fe6a8    ff9a (003fe680)     _IQ18mpyRndSatTable
003fe6b4    ff9a (003fe680)     _IQ17mpyRndSatTable

003fe6c0    ff9b (003fe6c0)     _IQ16mpyRndSatTable
003fe6cc    ff9b (003fe6c0)     _IQ15mpyRndSatTable
003fe6d8    ff9b (003fe6c0)     _IQ14mpyRndSatTable
003fe6e4    ff9b (003fe6c0)     _IQ13mpyRndSatTable
003fe6f0    ff9b (003fe6c0)     _IQ12mpyRndSatTable
003fe6fc    ff9b (003fe6c0)     _IQ11mpyRndSatTable

003fe708    ff9c (003fe700)     _IQ10mpyRndSatTable
003fe714    ff9c (003fe700)     _IQ9mpyRndSatTable
003fe720    ff9c (003fe700)     _IQ8mpyRndSatTable
003fe72c    ff9c (003fe700)     _IQ7mpyRndSatTable
003fe738    ff9c (003fe700)     _IQ6mpyRndSatTable

003fe744    ff9d (003fe740)     _IQ5mpyRndSatTable
003fe750    ff9d (003fe740)     _IQ4mpyRndSatTable
003fe75c    ff9d (003fe740)     _IQ3mpyRndSatTable
003fe768    ff9d (003fe740)     _IQ2mpyRndSatTable
003fe774    ff9d (003fe740)     _IQ1mpyRndSatTable

003fe780    ff9e (003fe780)     _IQmpyRndSatTableEnd


GLOBAL SYMBOLS: SORTED ALPHABETICALLY BY Name 

page  address   name                                             
----  -------   ----                                             
0     00008000  .text                                            
0     0000b4bb  C$$EXIT                                          
0     0000afbc  FD$$MPY                                          
0     0000b5b4  FD$$TOL                                          
0     0000b0c7  FS$$ADD                                          
0     0000b676  FS$$CMP                                          
0     0000b03f  FS$$DIV                                          
0     0000b2dd  FS$$MPY                                          
0     0000b6d0  FS$$NEG                                          
0     0000b0c2  FS$$SUB                                          
0     0000b60d  FS$$TOFD                                         
0     0000b509  FS$$TOI                                          
0     0000b5d3  FS$$TOU                                          
0     0000b573  FS$$TOUL                                         
0     0000b629  I$$TOFS                                          
0     0000b643  L$$TOFS                                          
0     0000b6a0  U$$TOFS                                          
0     0000b68d  UL$$TOFS                                         
0     0000a8be  _ADC_disable                                     
0     0000a8b4  _ADC_disableBandGap                              
0     0000a89d  _ADC_disableInt                                  
0     0000a893  _ADC_disableNoOverlapMode                        
0     0000a889  _ADC_disableRefBuffers                           
0     0000a87f  _ADC_disableVoltRefLoConv                        
0     0000a875  _ADC_enable                                      
0     0000a86b  _ADC_enableBandGap                               
0     0000a855  _ADC_enableInt                                   
0     0000a84b  _ADC_enableNoOverlapMode                         
0     0000a841  _ADC_enableRefBuffers                            
0     0000a837  _ADC_enableVoltRefLoConv                         
0     0000a82d  _ADC_getDivideSelect                             
0     0000a825  _ADC_init                                        
0     0000a81b  _ADC_powerDown                                   
0     0000a811  _ADC_powerUp                                     
0     0000a807  _ADC_reset                                       
0     0000a7f6  _ADC_setDivideSelect                             
0     0000a7d5  _ADC_setIntMode                                  
0     0000a7c4  _ADC_setIntPulseGenMode                          
0     0000a7a3  _ADC_setIntSrc                                   
0     0000a799  _ADC_setOffTrim                                  
0     0000a782  _ADC_setSampleMode                               
0     0000a76f  _ADC_setSampleOverlapMode                        
0     0000a75b  _ADC_setSocChanNumber                            
0     0000a74e  _ADC_setSocFrc                                   
0     0000a744  _ADC_setSocFrcWord                               
0     0000a730  _ADC_setSocSampleDelay                           
0     0000a71c  _ADC_setSocTrigSrc                               
0     0000a70b  _ADC_setTempSensorSrc                            
0     0000a6fa  _ADC_setVoltRefSrc                               
0     0000a6d0  _ADC_setupSocTrigSrc                             
0     0000aa4b  _CLK_disableAdcClock                             
0     0000aa44  _CLK_disableClaClock                             
0     0000aa3e  _CLK_disableClkIn                                
0     0000aa3a  _CLK_disableCompClock                            
0     0000aa33  _CLK_disableCpuTimerClock                        
0     0000aa2d  _CLK_disableCrystalOsc                           
0     0000aa26  _CLK_disableEcanaClock                           
0     0000aa1f  _CLK_disableEcap1Clock                           
0     0000aa18  _CLK_disableEqep1Clock                           
0     0000aa11  _CLK_disableEqep2Clock                           
0     0000aa0a  _CLK_disableGpioInputClock                       
0     0000aa03  _CLK_disableHrPwmClock                           
0     0000a9fc  _CLK_disableI2cClock                             
0     0000a9f5  _CLK_disableLinAClock                            
0     0000a9ef  _CLK_disableOsc1                                 
0     0000a9e9  _CLK_disableOsc1HaltMode                         
0     0000a9e3  _CLK_disableOsc2                                 
0     0000a9dd  _CLK_disableOsc2HaltMode                         
0     0000a9d3  _CLK_disablePwmClock                             
0     0000a9cc  _CLK_disableSciaClock                            
0     0000a9c5  _CLK_disableScibClock                            
0     0000a9be  _CLK_disableSpiaClock                            
0     0000a9ba  _CLK_disableSpibClock                            
0     0000a9b3  _CLK_disableTbClockSync                          
0     0000a9ad  _CLK_disableWatchDogHaltMode                     
0     0000a9a6  _CLK_enableAdcClock                              
0     0000a99f  _CLK_enableClaClock                              
0     0000a999  _CLK_enableClkIn                                 
0     0000a993  _CLK_enableCompClock                             
0     0000a98d  _CLK_enableCpuTimerClock                         
0     0000a987  _CLK_enableCrystalOsc                            
0     0000a980  _CLK_enableEcanaClock                            
0     0000a979  _CLK_enableEcap1Clock                            
0     0000a972  _CLK_enableEqep1Clock                            
0     0000a96b  _CLK_enableEqep2Clock                            
0     0000a964  _CLK_enableGpioInputClock                        
0     0000a95d  _CLK_enableHrPwmClock                            
0     0000a956  _CLK_enableI2cClock                              
0     0000a94f  _CLK_enableLinAClock                             
0     0000a949  _CLK_enableOsc1                                  
0     0000a943  _CLK_enableOsc1HaltMode                          
0     0000a93d  _CLK_enableOsc2                                  
0     0000a937  _CLK_enableOsc2HaltMode                          
0     0000a92e  _CLK_enablePwmClock                              
0     0000a927  _CLK_enableSciaClock                             
0     0000a920  _CLK_enableScibClock                             
0     0000a919  _CLK_enableSpiaClock                             
0     0000a912  _CLK_enableSpibClock                             
0     0000a90b  _CLK_enableTbClockSync                           
0     0000a905  _CLK_enableWatchDogHaltMode                      
0     0000a8ff  _CLK_init                                        
0     0000a8f8  _CLK_setClkOutPreScaler                          
0     0000a8f2  _CLK_setLowSpdPreScaler                          
0     0000a8eb  _CLK_setOsc2Src                                  
0     0000a8e4  _CLK_setOscSrc                                   
0     0000a8dd  _CLK_setTimer2PreScale                           
0     0000a8d6  _CLK_setTimer2Src                                
0     0000a8cf  _CLK_setWatchDogSrc                              
0     0000a8c8  _CLK_setXClkInSrc                                
0     0000b506  _CPU_clearIntFlags                               
0     0000b503  _CPU_disableDebugInt                             
0     0000b500  _CPU_disableGlobalInts                           
0     0000b4fb  _CPU_disableInt                                  
0     0000b4f8  _CPU_disableInts                                 
0     0000b4f5  _CPU_disableProtectedRegisterWrite               
0     0000b4f2  _CPU_enableDebugInt                              
0     0000b4ef  _CPU_enableGlobalInts                            
0     0000b4eb  _CPU_enableInt                                   
0     0000b4e8  _CPU_enableProtectedRegisterWrite                
0     0000b4e4  _CPU_init                                        
0     0000963d  _CTRL_calcMax_Ls_qFmt                            
0     0000942e  _CTRL_getGains                                   
0     00009427  _CTRL_getIab_filt_pu                             
0     00009420  _CTRL_getIab_in_pu                               
0     00009419  _CTRL_getIdq_in_pu                               
0     00009412  _CTRL_getIdq_ref_pu                              
0     00009467  _CTRL_getMagCurrent_pu                           
0     00009464  _CTRL_getMaximumSpeed_pu                         
0     0000940b  _CTRL_getVab_in_pu                               
0     00009404  _CTRL_getVab_out_pu                              
0     000093fd  _CTRL_getVdq_out_pu                              
abs   003fa721  _CTRL_getVersion                                 
0     000093f4  _CTRL_getWaitTimes                               
abs   003fa6fb  _CTRL_initCtrl                                   
0     00009602  _CTRL_resetLs_qFmt                               
0     00008ed1  _CTRL_run                                        
abs   003fa5d1  _CTRL_runTraj                                    
abs   003f9e64  _CTRL_setEstParams                               
0     00008c4b  _CTRL_setGains                                   
0     00009461  _CTRL_setMagCurrent_pu                           
0     0000945e  _CTRL_setMaximumSpeed_pu                         
0     00008c73  _CTRL_setParams                                  
0     00008c38  _CTRL_setSpd_ref_krpm                            
0     00008c35  _CTRL_setSpd_ref_pu                              
abs   003f9d31  _CTRL_setUserMotorParams                         
0     00008c2c  _CTRL_setWaitTimes                               
0     00008c22  _CTRL_setup                                      
0     00008c06  _CTRL_setupClarke_I                              
0     00008bf0  _CTRL_setupClarke_V                              
abs   003f9b43  _CTRL_setupCtrl                                  
abs   003f99a5  _CTRL_setupEstIdleState                          
abs   003f996a  _CTRL_setupEstOnLineState                        
abs   003f9806  _CTRL_setupTraj                                  
0     00008b8e  _CTRL_setup_user                                 
0     00008adb  _CTRL_updateState                                
0     0000a6ae  _DRV8301_enable                                  
0     0000a69c  _DRV8301_getDcCalMode                            
0     0000a681  _DRV8301_getFaultType                            
0     0000a67b  _DRV8301_getId                                   
0     0000a674  _DRV8301_getOcLevel                              
0     0000a66d  _DRV8301_getOcMode                               
0     0000a666  _DRV8301_getOcOffTimeMode                        
0     0000a65f  _DRV8301_getOcTwMode                             
0     0000a658  _DRV8301_getPeakCurrent                          
0     0000a651  _DRV8301_getPwmMode                              
0     0000a64a  _DRV8301_getShuntAmpGain                         
0     0000a641  _DRV8301_init                                    
0     0000a63b  _DRV8301_isFault                                 
0     0000a634  _DRV8301_isReset                                 
0     0000a5be  _DRV8301_readData                                
0     0000a43f  _DRV8301_readSpi                                 
0     0000a5af  _DRV8301_reset                                   
0     0000a590  _DRV8301_setDcCalMode                            
0     0000a58e  _DRV8301_setGpioHandle                           
0     0000a58c  _DRV8301_setGpioNumber                           
0     0000a578  _DRV8301_setOcLevel                              
0     0000a564  _DRV8301_setOcMode                               
0     0000a550  _DRV8301_setOcOffTimeMode                        
0     0000a53c  _DRV8301_setOcTwMode                             
0     0000a528  _DRV8301_setPeakCurrent                          
0     0000a514  _DRV8301_setPwmMode                              
0     0000a500  _DRV8301_setShuntAmpGain                         
0     0000a4fe  _DRV8301_setSpiHandle                            
0     0000a477  _DRV8301_setupSpi                                
0     0000a416  _DRV8301_writeData                               
0     0000a3ff  _DRV8301_writeSpi                                
abs   003f86ad  _EST_computeDirection_qFmt                       
abs   003f9760  _EST_doCurrentCtrl                               
abs   003f9758  _EST_doSpeedCtrl                                 
abs   003f8c0d  _EST_getAngle_pu                                 
abs   003f96be  _EST_getFlux_VpHz                                
abs   003f96ab  _EST_getFlux_pu                                  
abs   003f968e  _EST_getFm_pu                                    
abs   003f9632  _EST_getIdRated                                  
abs   003f95ff  _EST_getLs_coarse_max_pu                         
abs   003f95f5  _EST_getLs_d_H                                   
abs   003f95f0  _EST_getLs_d_pu                                  
abs   003f95d3  _EST_getLs_qFmt                                  
abs   003f95ce  _EST_getLs_q_H                                   
abs   003f95c9  _EST_getLs_q_pu                                  
abs   003f95bd  _EST_getMaxCurrentSlope_pu                       
abs   003f95b3  _EST_getOneOverDcBus_pu                          
abs   003f95ad  _EST_getRr_Ohm                                   
abs   003f9513  _EST_getRs_Ohm                                   
abs   003f94c6  _EST_getSpeed_krpm                               
abs   003f861b  _EST_getState                                    
abs   003f9458  _EST_get_krpm_to_pu_sf                           
abs   003f9453  _EST_get_pu_to_krpm_sf                           
abs   003f938d  _EST_isError                                     
abs   003f9386  _EST_isIdle                                      
abs   003f937f  _EST_isLockRotor                                 
abs   003f8679  _EST_isMotorIdentified                           
abs   003f9378  _EST_isOnLine                                    
abs   003f927b  _EST_run                                         
abs   003f8bf5  _EST_setDir_qFmt                                 
abs   003f8be8  _EST_setFe_neg_max_pu                            
abs   003f8be4  _EST_setFe_pos_min_pu                            
abs   003f8bdb  _EST_setFlag_enableForceAngle                    
abs   003f8b80  _EST_setId_ref_pu                                
abs   003f8b7a  _EST_setIdle                                     
abs   003f8b67  _EST_setIdle_all                                 
abs   003f8b63  _EST_setIq_ref_pu                                
abs   003f8b45  _EST_setLs_d_pu                                  
abs   003f8af1  _EST_setLs_qFmt                                  
abs   003f8ae7  _EST_setLs_q_pu                                  
abs   003f8adb  _EST_setMaxCurrentSlope_pu                       
abs   003f8a18  _EST_setRs_pu                                    
abs   003f89f5  _EST_updateId_ref_pu                             
abs   003f8713  _EST_updateState                                 
abs   003f861d  _EST_useZeroIq_ref                               
0     0000b570  _FILTER_FO_getDenCoeffs                          
0     0000b569  _FILTER_FO_getInitialConditions                  
0     0000b563  _FILTER_FO_getNumCoeffs                          
0     0000b55d  _FILTER_FO_init                                  
0     0000b55b  _FILTER_FO_setDenCoeffs                          
0     0000b556  _FILTER_FO_setInitialConditions                  
0     0000b552  _FILTER_FO_setNumCoeffs                          
0     0000b5ae  _FLASH_clear3VStatus                             
0     0000014c  _FLASH_disablePipelineMode                       
0     00000146  _FLASH_enablePipelineMode                        
0     0000b5ab  _FLASH_get3VStatus                               
0     0000b5a8  _FLASH_getActiveWaitCount                        
0     0000b5a4  _FLASH_getActiveWaitStatus                       
0     0000b5a1  _FLASH_getPowerMode                              
0     0000b59e  _FLASH_getStandbyWaitCount                       
0     0000b59a  _FLASH_getStandbyWaitStatus                      
0     0000b594  _FLASH_init                                      
0     00000141  _FLASH_setActiveWaitCount                        
0     0000013a  _FLASH_setNumPagedReadWaitStates                 
0     00000133  _FLASH_setNumRandomReadWaitStates                
0     0000012c  _FLASH_setOtpWaitStates                          
0     00000125  _FLASH_setPowerMode                              
0     00000120  _FLASH_setStandbyWaitCount                       
0     0000b701  _Flag_Latch_softwareUpdate                       
0     0000ad3f  _GPIO_getData                                    
0     0000ad34  _GPIO_getPortData                                
0     0000ad2e  _GPIO_init                                       
0     0000ad24  _GPIO_lpmSelect                                  
0     0000ad11  _GPIO_read                                       
0     0000acf7  _GPIO_setDirection                               
0     0000acec  _GPIO_setExtInt                                  
0     0000acdc  _GPIO_setHigh                                    
0     0000accc  _GPIO_setLow                                     
0     0000ac94  _GPIO_setMode                                    
0     0000ac86  _GPIO_setPortData                                
0     0000ac6c  _GPIO_setPullup                                  
0     0000ac2f  _GPIO_setQualification                           
0     0000abe8  _GPIO_setQualificationPeriod                     
0     0000abd8  _GPIO_toggle                                     
0     00008598  _HAL_AdcCalChanSelect                            
0     000085ef  _HAL_AdcCalConversion                            
0     00008751  _HAL_AdcOffsetSelfCal                            
0     00008817  _HAL_OscTempComp                                 
0     00008870  _HAL_cal                                         
0     00008ad7  _HAL_disableGlobalInts                           
0     000089c4  _HAL_disableWdog                                 
0     00008ac5  _HAL_enableAdcInts                               
0     00008ac1  _HAL_enableDebugInt                              
0     00008abc  _HAL_enableDrv                                   
0     00008ab8  _HAL_enableGlobalInts                            
0     00008aa7  _HAL_enablePwmInt                                
0     00008a97  _HAL_enableTimer0Int                             
0     00008784  _HAL_getOscTrimValue                             
0     000089c9  _HAL_init                                        
0     00008797  _HAL_osc1Comp                                    
0     000087d7  _HAL_osc2Comp                                    
0     000089bf  _HAL_readDrvData                                 
0     000089a5  _HAL_setDacParameters                            
0     00008887  _HAL_setParams                                   
0     000084e0  _HAL_setupAdcs                                   
0     000084c4  _HAL_setupClks                                   
0     000084bf  _HAL_setupDrvSpi                                 
0     000084a1  _HAL_setupFaults                                 
0     00008483  _HAL_setupFlash                                  
0     0000846e  _HAL_setupGate                                   
0     000082e7  _HAL_setupGpios                                  
0     0000829a  _HAL_setupPeripheralClks                         
0     0000827e  _HAL_setupPie                                    
0     0000823f  _HAL_setupPll                                    
0     000081b2  _HAL_setupPwmDacs                                
0     000080da  _HAL_setupPwms                                   
0     00008094  _HAL_setupSpiA                                   
0     0000805e  _HAL_setupSpiB                                   
0     00008005  _HAL_setupTimers                                 
0     00008000  _HAL_writeDrvData                                
0     003fe708  _IQ10mpyRndSatTable                              
0     003fe6fc  _IQ11mpyRndSatTable                              
0     003fe6f0  _IQ12mpyRndSatTable                              
0     003fe6e4  _IQ13mpyRndSatTable                              
0     003fe6d8  _IQ14mpyRndSatTable                              
0     003fe6cc  _IQ15mpyRndSatTable                              
0     003fe6c0  _IQ16mpyRndSatTable                              
0     003fe6b4  _IQ17mpyRndSatTable                              
0     003fe6a8  _IQ18mpyRndSatTable                              
0     003fe69c  _IQ19mpyRndSatTable                              
0     003fe774  _IQ1mpyRndSatTable                               
0     003fe690  _IQ20mpyRndSatTable                              
0     003fe684  _IQ21mpyRndSatTable                              
0     003fe678  _IQ22mpyRndSatTable                              
0     003fe66c  _IQ23mpyRndSatTable                              
0     003fe660  _IQ24mpyRndSatTable                              
0     003fe654  _IQ25mpyRndSatTable                              
0     003fe648  _IQ26mpyRndSatTable                              
0     003fe63c  _IQ27mpyRndSatTable                              
0     003fe630  _IQ28mpyRndSatTable                              
0     003fe624  _IQ29mpyRndSatTable                              
0     003fe768  _IQ2mpyRndSatTable                               
0     003fe618  _IQ30mpyRndSatTable                              
0     003fe75c  _IQ3mpyRndSatTable                               
0     003fe750  _IQ4mpyRndSatTable                               
0     003fe744  _IQ5mpyRndSatTable                               
0     003fe738  _IQ6mpyRndSatTable                               
0     003fe72c  _IQ7mpyRndSatTable                               
0     003fe720  _IQ8mpyRndSatTable                               
0     003fe714  _IQ9mpyRndSatTable                               
0     003fe454  _IQatan2HalfPITable                              
0     003fe492  _IQatan2Table                                    
0     003fe618  _IQatan2TableEnd                                 
0     003fdd30  _IQcosTable                                      
0     003fe132  _IQcosTableEnd                                   
0     003fe132  _IQdivRoundSatTable                              
0     003fe140  _IQdivTable                                      
0     003fe342  _IQdivTableEnd                                   
0     003fe342  _IQisqrtRoundSatTable                            
0     003fe352  _IQisqrtTable                                    
0     003fe454  _IQisqrtTableEnd                                 
0     003fe618  _IQmpyRndSatTable                                
0     003fe780  _IQmpyRndSatTableEnd                             
0     003fdc30  _IQsinTable                                      
0     003fe030  _IQsinTableEnd                                   
0     003fe342  _IQsqrtRoundSatTable                             
0     003fe352  _IQsqrtTable                                     
0     003fe454  _IQsqrtTableEnd                                  
0     0000b3c3  _OFFSET_getBeta                                  
0     0000b3b2  _OFFSET_init                                     
0     0000b39c  _OFFSET_setBeta                                  
0     0000b38d  _OFFSET_setInitCond                              
0     0000b38b  _OFFSET_setOffset                                
0     0000b4b5  _OSC_init                                        
0     0000b4a8  _OSC_setCoarseTrim                               
0     0000b497  _OSC_setFineTrim                                 
0     0000b48e  _OSC_setTrim                                     
0     0000ae45  _PIE_clearAllFlags                               
0     0000ae42  _PIE_clearAllInts                                
0     0000ae3f  _PIE_disable                                     
0     0000ae38  _PIE_disableAllInts                              
0     0000ae34  _PIE_disableCaptureInt                           
0     0000ae2b  _PIE_disableExtInt                               
0     0000ae21  _PIE_disableInt                                  
0     0000ae1e  _PIE_enable                                      
0     0000ae02  _PIE_enableAdcInt                                
0     0000adfe  _PIE_enableCaptureInt                            
0     0000ade2  _PIE_enableExtInt                                
0     0000add9  _PIE_enableInt                                   
0     0000add4  _PIE_enablePwmInt                                
0     0000adcf  _PIE_enablePwmTzInt                              
0     0000adcc  _PIE_enableTimer0Int                             
0     0000adc3  _PIE_forceInt                                    
0     0000adbb  _PIE_getExtIntCount                              
0     0000adb4  _PIE_getIntEnables                               
0     0000adad  _PIE_getIntFlags                                 
0     0000b6cb  _PIE_illegalIsr                                  
0     0000ada5  _PIE_init                                        
0     0000ad94  _PIE_registerPieIntHandler                       
0     0000ad89  _PIE_registerSystemIntHandler                    
0     0000ad7e  _PIE_setDefaultIntVectorTable                    
0     0000ad6d  _PIE_setExtIntPolarity                           
0     0000ad5a  _PIE_unregisterPieIntHandler                     
0     0000ad4d  _PIE_unregisterSystemIntHandler                  
0     0000b2d7  _PLL_disable                                     
0     0000b2d1  _PLL_disableClkDetect                            
0     0000b2cb  _PLL_disableNormRdy                              
0     0000b2c5  _PLL_disableOsc                                  
0     0000b2bf  _PLL_enable                                      
0     0000b2b9  _PLL_enableClkDetect                             
0     0000b2b3  _PLL_enableNormRdy                               
0     0000b2ad  _PLL_enableOsc                                   
0     0000b2a9  _PLL_getClkFreq                                  
0     0000b2a6  _PLL_getClkStatus                                
0     0000b2a3  _PLL_getDivideSelect                             
0     0000b2a0  _PLL_getLockStatus                               
0     0000b29a  _PLL_init                                        
0     0000b294  _PLL_resetClkDetect                              
0     0000b28e  _PLL_setClkFreq                                  
0     0000b287  _PLL_setDivideSelect                             
0     0000b282  _PLL_setLockPeriod                               
0     0000a3f9  _PWM_clearTripZone                               
0     0000a3f6  _PWM_decrementDeadBandFallingEdgeDelay           
0     0000a3f3  _PWM_decrementDeadBandRisingEdgeDelay            
0     0000a3ec  _PWM_disableAutoConvert                          
0     0000a3e8  _PWM_disableChopping                             
0     0000a3e5  _PWM_disableCounterLoad                          
0     0000a3e2  _PWM_disableDeadBand                             
0     0000a3de  _PWM_disableDeadBandHalfCycle                    
0     0000a3d7  _PWM_disableDigitalCompareBlankingWindow         
0     0000a3d0  _PWM_disableDigitalCompareBlankingWindowInversion
0     0000a3c9  _PWM_disableHrPeriod                             
0     0000a3c2  _PWM_disableHrPhaseSync                          
0     0000a3be  _PWM_disableInt                                  
0     0000a3ba  _PWM_disableSocAPulse                            
0     0000a3b6  _PWM_disableSocBPulse                            
0     0000a3af  _PWM_disableTripZoneInt                          
0     0000a3a8  _PWM_disableTripZoneSrc                          
0     0000a3a2  _PWM_disableTripZones                            
0     0000a39b  _PWM_enableAutoConvert                           
0     0000a397  _PWM_enableChopping                              
0     0000a394  _PWM_enableCounterLoad                           
0     0000a390  _PWM_enableDeadBandHalfCycle                     
0     0000a389  _PWM_enableDigitalCompareBlankingWindow          
0     0000a382  _PWM_enableDigitalCompareBlankingWindowInversion 
0     0000a37b  _PWM_enableHrPeriod                              
0     0000a374  _PWM_enableHrPhaseSync                           
0     0000a370  _PWM_enableInt                                   
0     0000a36c  _PWM_enableSocAPulse                             
0     0000a368  _PWM_enableSocBPulse                             
0     0000a362  _PWM_enableTripZoneInt                           
0     0000a35c  _PWM_enableTripZoneSrc                           
0     0000a359  _PWM_getDeadBandFallingEdgeDelay                 
0     0000a356  _PWM_getDeadBandRisingEdgeDelay                  
0     0000a352  _PWM_getIntCount                                 
0     0000a34e  _PWM_getShadowStatus_CmpA                        
0     0000a34a  _PWM_getShadowStatus_CmpB                        
0     0000a345  _PWM_getSocACount                                
0     0000a340  _PWM_getSocBCount                                
0     0000a33d  _PWM_incrementDeadBandFallingEdgeDelay           
0     0000a33a  _PWM_incrementDeadBandRisingEdgeDelay            
0     0000a334  _PWM_init                                        
0     0000a32d  _PWM_setActionQualContSWForce_PwmA               
0     0000a324  _PWM_setActionQualContSWForce_PwmB               
0     0000a31b  _PWM_setActionQual_CntDown_CmpA_PwmA             
0     0000a312  _PWM_setActionQual_CntDown_CmpA_PwmB             
0     0000a309  _PWM_setActionQual_CntDown_CmpB_PwmA             
0     0000a300  _PWM_setActionQual_CntDown_CmpB_PwmB             
0     0000a2f7  _PWM_setActionQual_CntUp_CmpA_PwmA               
0     0000a2ee  _PWM_setActionQual_CntUp_CmpA_PwmB               
0     0000a2e5  _PWM_setActionQual_CntUp_CmpB_PwmA               
0     0000a2dc  _PWM_setActionQual_CntUp_CmpB_PwmB               
0     0000a2d3  _PWM_setActionQual_Period_PwmA                   
0     0000a2ca  _PWM_setActionQual_Period_PwmB                   
0     0000a2c3  _PWM_setActionQual_Zero_PwmA                     
0     0000a2bc  _PWM_setActionQual_Zero_PwmB                     
0     0000a2b5  _PWM_setChoppingClkFreq                          
0     0000a2ae  _PWM_setChoppingDutyCycle                        
0     0000a2a7  _PWM_setChoppingPulseWidth                       
0     0000a2a3  _PWM_setClkDiv                                   
0     0000a2a1  _PWM_setCount                                    
0     0000a29d  _PWM_setCounterMode                              
0     0000a29a  _PWM_setDeadBandFallingEdgeDelay                 
0     0000a293  _PWM_setDeadBandInputMode                        
0     0000a28c  _PWM_setDeadBandOutputMode                       
0     0000a285  _PWM_setDeadBandPolarity                         
0     0000a282  _PWM_setDeadBandRisingEdgeDelay                  
0     0000a268  _PWM_setDigitalCompareAEvent1                    
0     0000a258  _PWM_setDigitalCompareAEvent2                    
0     0000a23e  _PWM_setDigitalCompareBEvent1                    
0     0000a22e  _PWM_setDigitalCompareBEvent2                    
0     0000a222  _PWM_setDigitalCompareBlankingPulse              
0     0000a21f  _PWM_setDigitalCompareFilterOffset               
0     0000a215  _PWM_setDigitalCompareFilterSource               
0     0000a212  _PWM_setDigitalCompareFilterWindow               
0     0000a203  _PWM_setDigitalCompareInput                      
0     0000a1ff  _PWM_setHighSpeedClkDiv                          
0     0000a1f5  _PWM_setHrControlMode                            
0     0000a1eb  _PWM_setHrEdgeMode                               
0     0000a1e1  _PWM_setHrShadowMode                             
0     0000a1da  _PWM_setIntMode                                  
0     0000a1d3  _PWM_setIntPeriod                                
0     0000a1cf  _PWM_setLoadMode_CmpA                            
0     0000a1c9  _PWM_setLoadMode_CmpB                            
0     0000a1c7  _PWM_setPeriod                                   
0     0000a1c2  _PWM_setPeriodHr                                 
0     0000a1be  _PWM_setPeriodLoad                               
0     0000a1bc  _PWM_setPhase                                    
0     0000a1b8  _PWM_setPhaseDir                                 
0     0000a1b4  _PWM_setRunMode                                  
0     0000a1ae  _PWM_setShadowMode_CmpA                          
0     0000a1a8  _PWM_setShadowMode_CmpB                          
0     0000a19f  _PWM_setSocAPeriod                               
0     0000a195  _PWM_setSocAPulseSrc                             
0     0000a18c  _PWM_setSocBPeriod                               
0     0000a183  _PWM_setSocBPulseSrc                             
0     0000a180  _PWM_setSwSync                                   
0     0000a17c  _PWM_setSyncMode                                 
0     0000a172  _PWM_setTripZoneDCEventSelect_DCAEVT1            
0     0000a166  _PWM_setTripZoneDCEventSelect_DCAEVT2            
0     0000a15a  _PWM_setTripZoneDCEventSelect_DCBEVT1            
0     0000a14e  _PWM_setTripZoneDCEventSelect_DCBEVT2            
0     0000a142  _PWM_setTripZoneState_DCAEVT1                    
0     0000a136  _PWM_setTripZoneState_DCAEVT2                    
0     0000a12a  _PWM_setTripZoneState_DCBEVT1                    
0     0000a11e  _PWM_setTripZoneState_DCBEVT2                    
0     0000a114  _PWM_setTripZoneState_TZA                        
0     0000a108  _PWM_setTripZoneState_TZB                        
0     0000b459  _PWR_disableBrownOutReset                        
0     0000b44f  _PWR_disableWatchDogInt                          
0     0000b44c  _PWR_enableBrownOutReset                         
0     0000b442  _PWR_enableWatchDogInt                           
0     0000b43a  _PWR_init                                        
0     0000b429  _PWR_setLowPowerMode                             
0     0000b418  _PWR_setNumStandByClocks                         
0     00000156  _RamfuncsLoadEnd                                 
abs   00000036  _RamfuncsLoadSize                                
0     00000120  _RamfuncsLoadStart                               
0     00000120  _RamfuncsRunStart                                
0     0000afb8  _SPI_clearRxFifoInt                              
0     0000afb4  _SPI_clearRxFifoOvf                              
0     0000afb0  _SPI_clearTxFifoInt                              
0     0000afad  _SPI_disableInt                                  
0     0000afaa  _SPI_disableLoopBack                             
0     0000afa7  _SPI_disableOverRunInt                           
0     0000afa3  _SPI_disableRxFifoInt                            
0     0000afa0  _SPI_disableTx                                   
0     0000af9c  _SPI_disableTxFifoEnh                            
0     0000af98  _SPI_disableTxFifoInt                            
0     0000af95  _SPI_enable                                      
0     0000af91  _SPI_enableChannels                              
0     0000af8e  _SPI_enableInt                                   
0     0000af8b  _SPI_enableLoopBack                              
0     0000af88  _SPI_enableOverRunInt                            
0     0000af84  _SPI_enableRxFifo                                
0     0000af80  _SPI_enableRxFifoInt                             
0     0000af7d  _SPI_enableTx                                    
0     0000af79  _SPI_enableTxFifo                                
0     0000af75  _SPI_enableTxFifoEnh                             
0     0000af71  _SPI_enableTxFifoInt                             
0     0000af6e  _SPI_getIntFlagStatus                            
0     0000af6a  _SPI_getRxFifoStatus                             
0     0000af67  _SPI_getTxBufferStatus                           
0     0000af63  _SPI_getTxFifoStatus                             
0     0000af5d  _SPI_init                                        
0     0000af5a  _SPI_reset                                       
0     0000af56  _SPI_resetChannels                               
0     0000af52  _SPI_resetRxFifo                                 
0     0000af4e  _SPI_resetTxFifo                                 
0     0000af4c  _SPI_setBaudRate                                 
0     0000af48  _SPI_setCharLength                               
0     0000af46  _SPI_setClkPhase                                 
0     0000af42  _SPI_setClkPolarity                              
0     0000af40  _SPI_setMode                                     
0     0000af39  _SPI_setPriority                                 
0     0000af32  _SPI_setRxFifoIntLevel                           
0     0000af2b  _SPI_setSteInv                                   
0     0000af24  _SPI_setSuspend                                  
0     0000af1d  _SPI_setTriWire                                  
0     0000af1a  _SPI_setTxDelay                                  
0     0000af13  _SPI_setTxFifoIntLevel                           
0     0000b48b  _TIMER_clearFlag                                 
0     0000b488  _TIMER_disableInt                                
0     0000b485  _TIMER_enableInt                                 
0     0000b482  _TIMER_getStatus                                 
0     0000b47c  _TIMER_init                                      
0     0000b46e  _TIMER_setDecimationFactor                       
0     0000b46a  _TIMER_setEmulationMode                          
0     0000b45c  _TIMER_setPreScaler                              
0     00009c28  _USER_calcPIgains                                
0     00009c24  _USER_checkForErrors                             
0     00009c16  _USER_computeFlux                                
0     00009bda  _USER_computeFlux_pu_to_VpHz_sf                  
0     00009b9e  _USER_computeFlux_pu_to_Wb_sf                    
0     00009b62  _USER_computeTorque_Flux_Iq_pu_to_Nm_sf          
0     00009b28  _USER_computeTorque_Ls_Id_Iq_pu_to_Nm_sf         
0     00009adb  _USER_computeTorque_Nm                           
0     00009a83  _USER_computeTorque_lbin                         
0     00009a80  _USER_getErrorCode                               
0     00009a7d  _USER_setErrorCode                               
0     0000993e  _USER_setParams                                  
0     000098bb  _USER_softwareUpdate1p6                          
0     0000b410  _WDOG_clearCounter                               
0     0000b408  _WDOG_disable                                    
0     0000b402  _WDOG_disableInt                                 
0     0000b3fc  _WDOG_disableOverRide                            
0     0000b3f3  _WDOG_enable                                     
0     0000b3ed  _WDOG_enableInt                                  
0     0000b3e7  _WDOG_enableOverRide                             
0     0000b3e4  _WDOG_getIntStatus                               
0     0000b3de  _WDOG_init                                       
0     0000b3dc  _WDOG_setCount                                   
0     0000b3d2  _WDOG_setPreScaler                               
0     0000b993  __IQ24cosPU                                      
0     0000b96a  __IQ24sinPU                                      
0     0000b928  __IQ24sqrt                                       
0     0000b9ba  __IQ30toF                                        
1     000007b0  __STACK_END                                      
abs   000003b0  __STACK_SIZE                                     
0     0000b6da  ___TI_cleanup_ptr                                
0     0000b6dc  ___TI_dtors_ptr                                  
0     0000b6d8  ___TI_enable_exit_profile_output                 
abs   ffffffff  ___TI_pprof_out_hndl                             
abs   ffffffff  ___TI_prof_data_size                             
abs   ffffffff  ___TI_prof_data_start                            
abs   ffffffff  ___binit__                                       
abs   ffffffff  ___c_args__                                      
0     00000050  ___cinit__                                       
0     0000b6d8  ___etext__                                       
abs   ffffffff  ___pinit__                                       
0     00008000  ___text__                                        
0     0000b65d  __args_main                                      
0     0000b6de  __lock                                           
0     0000b6c2  __nop                                            
0     0000b6be  __register_lock                                  
0     0000b6ba  __register_unlock                                
1     00000400  __stack                                          
0     0000b6d7  __system_post_cinit                              
0     0000b6d5  __system_pre_init                                
0     0000b6e0  __unlock                                         
0     0000b4bb  _abort                                           
0     00009627  _acim_Dir_qFmtCalc                               
0     0000b337  _c_int00                                         
0     0000b1b0  _ceil                                            
0     0000b1b0  _ceilf                                           
0     0000b70c  _controller_obj                                  
0     0000b52e  _copy_in                                         
0     0000b6b0  _copysign                                        
0     0000b6b0  _copysignf                                       
0     0000b6e4  _cpu                                             
0     0000b70e  _ctrlHandle                                      
0     0000b6e5  _errno                                           
0     0000b4bd  _exit                                            
0     0000b716  _gAdcData                                        
0     0000b700  _gCounter_updateGlobals                          
0     0000b724  _gDrvSpi8301Vars                                 
0     0000b703  _gLEDcnt                                         
0     0000b70a  _gLs_pu                                          
0     0000b702  _gLs_qFmt                                        
0     0000b706  _gMaxCurrentSlope                                
0     0000b704  _gMax_Ls_qFmt                                    
0     0000b740  _gMotorVars                                      
0     0000b710  _gPwmData                                        
0     0000b7c0  _gUserParams                                     
0     0000b880  _hal                                             
0     0000b708  _halHandle                                       
0     0000b219  _ldexp                                           
0     0000b219  _ldexpf                                          
0     0000aa52  _log                                             
0     0000aa52  _logf                                            
0     00009684  _main                                            
0     0000ae4c  _mainISR                                         
0     0000b5f0  _memcpy                                          
0     00009ce9  _pow                                             
0     00009ce9  _powf                                            
0     0000958a  _recalcKpKi                                      
0     000094ec  _recalcKpKiPmsm                                  
0     0000b219  _scalbn                                          
0     0000b219  _scalbnf                                         
0     000094c7  _setFeLimitZero                                  
0     0000b13a  _sqrt                                            
0     0000b13a  _sqrtf                                           
0     0000946a  _updateGlobalVariables_motor                     
0     00000152  _usDelay                                         
abs   ffffffff  binit                                            
0     00000050  cinit                                            
0     00000000  code_start                                       
0     0000b6d8  etext                                            
abs   ffffffff  pinit                                            


GLOBAL SYMBOLS: SORTED BY Symbol Address 

page  address   name                                             
----  -------   ----                                             
0     00000000  code_start                                       
0     00000050  ___cinit__                                       
0     00000050  cinit                                            
0     00000120  _FLASH_setStandbyWaitCount                       
0     00000120  _RamfuncsLoadStart                               
0     00000120  _RamfuncsRunStart                                
0     00000125  _FLASH_setPowerMode                              
0     0000012c  _FLASH_setOtpWaitStates                          
0     00000133  _FLASH_setNumRandomReadWaitStates                
0     0000013a  _FLASH_setNumPagedReadWaitStates                 
0     00000141  _FLASH_setActiveWaitCount                        
0     00000146  _FLASH_enablePipelineMode                        
0     0000014c  _FLASH_disablePipelineMode                       
0     00000152  _usDelay                                         
0     00000156  _RamfuncsLoadEnd                                 
0     00008000  .text                                            
0     00008000  _HAL_writeDrvData                                
0     00008000  ___text__                                        
0     00008005  _HAL_setupTimers                                 
0     0000805e  _HAL_setupSpiB                                   
0     00008094  _HAL_setupSpiA                                   
0     000080da  _HAL_setupPwms                                   
0     000081b2  _HAL_setupPwmDacs                                
0     0000823f  _HAL_setupPll                                    
0     0000827e  _HAL_setupPie                                    
0     0000829a  _HAL_setupPeripheralClks                         
0     000082e7  _HAL_setupGpios                                  
0     0000846e  _HAL_setupGate                                   
0     00008483  _HAL_setupFlash                                  
0     000084a1  _HAL_setupFaults                                 
0     000084bf  _HAL_setupDrvSpi                                 
0     000084c4  _HAL_setupClks                                   
0     000084e0  _HAL_setupAdcs                                   
0     00008598  _HAL_AdcCalChanSelect                            
0     000085ef  _HAL_AdcCalConversion                            
0     00008751  _HAL_AdcOffsetSelfCal                            
0     00008784  _HAL_getOscTrimValue                             
0     00008797  _HAL_osc1Comp                                    
0     000087d7  _HAL_osc2Comp                                    
0     00008817  _HAL_OscTempComp                                 
0     00008870  _HAL_cal                                         
0     00008887  _HAL_setParams                                   
0     000089a5  _HAL_setDacParameters                            
0     000089bf  _HAL_readDrvData                                 
0     000089c4  _HAL_disableWdog                                 
0     000089c9  _HAL_init                                        
0     00008a97  _HAL_enableTimer0Int                             
0     00008aa7  _HAL_enablePwmInt                                
0     00008ab8  _HAL_enableGlobalInts                            
0     00008abc  _HAL_enableDrv                                   
0     00008ac1  _HAL_enableDebugInt                              
0     00008ac5  _HAL_enableAdcInts                               
0     00008ad7  _HAL_disableGlobalInts                           
0     00008adb  _CTRL_updateState                                
0     00008b8e  _CTRL_setup_user                                 
0     00008bf0  _CTRL_setupClarke_V                              
0     00008c06  _CTRL_setupClarke_I                              
0     00008c22  _CTRL_setup                                      
0     00008c2c  _CTRL_setWaitTimes                               
0     00008c35  _CTRL_setSpd_ref_pu                              
0     00008c38  _CTRL_setSpd_ref_krpm                            
0     00008c4b  _CTRL_setGains                                   
0     00008c73  _CTRL_setParams                                  
0     00008ed1  _CTRL_run                                        
0     000093f4  _CTRL_getWaitTimes                               
0     000093fd  _CTRL_getVdq_out_pu                              
0     00009404  _CTRL_getVab_out_pu                              
0     0000940b  _CTRL_getVab_in_pu                               
0     00009412  _CTRL_getIdq_ref_pu                              
0     00009419  _CTRL_getIdq_in_pu                               
0     00009420  _CTRL_getIab_in_pu                               
0     00009427  _CTRL_getIab_filt_pu                             
0     0000942e  _CTRL_getGains                                   
0     0000945e  _CTRL_setMaximumSpeed_pu                         
0     00009461  _CTRL_setMagCurrent_pu                           
0     00009464  _CTRL_getMaximumSpeed_pu                         
0     00009467  _CTRL_getMagCurrent_pu                           
0     0000946a  _updateGlobalVariables_motor                     
0     000094c7  _setFeLimitZero                                  
0     000094ec  _recalcKpKiPmsm                                  
0     0000958a  _recalcKpKi                                      
0     00009602  _CTRL_resetLs_qFmt                               
0     00009627  _acim_Dir_qFmtCalc                               
0     0000963d  _CTRL_calcMax_Ls_qFmt                            
0     00009684  _main                                            
0     000098bb  _USER_softwareUpdate1p6                          
0     0000993e  _USER_setParams                                  
0     00009a7d  _USER_setErrorCode                               
0     00009a80  _USER_getErrorCode                               
0     00009a83  _USER_computeTorque_lbin                         
0     00009adb  _USER_computeTorque_Nm                           
0     00009b28  _USER_computeTorque_Ls_Id_Iq_pu_to_Nm_sf         
0     00009b62  _USER_computeTorque_Flux_Iq_pu_to_Nm_sf          
0     00009b9e  _USER_computeFlux_pu_to_Wb_sf                    
0     00009bda  _USER_computeFlux_pu_to_VpHz_sf                  
0     00009c16  _USER_computeFlux                                
0     00009c24  _USER_checkForErrors                             
0     00009c28  _USER_calcPIgains                                
0     00009ce9  _pow                                             
0     00009ce9  _powf                                            
0     0000a108  _PWM_setTripZoneState_TZB                        
0     0000a114  _PWM_setTripZoneState_TZA                        
0     0000a11e  _PWM_setTripZoneState_DCBEVT2                    
0     0000a12a  _PWM_setTripZoneState_DCBEVT1                    
0     0000a136  _PWM_setTripZoneState_DCAEVT2                    
0     0000a142  _PWM_setTripZoneState_DCAEVT1                    
0     0000a14e  _PWM_setTripZoneDCEventSelect_DCBEVT2            
0     0000a15a  _PWM_setTripZoneDCEventSelect_DCBEVT1            
0     0000a166  _PWM_setTripZoneDCEventSelect_DCAEVT2            
0     0000a172  _PWM_setTripZoneDCEventSelect_DCAEVT1            
0     0000a17c  _PWM_setSyncMode                                 
0     0000a180  _PWM_setSwSync                                   
0     0000a183  _PWM_setSocBPulseSrc                             
0     0000a18c  _PWM_setSocBPeriod                               
0     0000a195  _PWM_setSocAPulseSrc                             
0     0000a19f  _PWM_setSocAPeriod                               
0     0000a1a8  _PWM_setShadowMode_CmpB                          
0     0000a1ae  _PWM_setShadowMode_CmpA                          
0     0000a1b4  _PWM_setRunMode                                  
0     0000a1b8  _PWM_setPhaseDir                                 
0     0000a1bc  _PWM_setPhase                                    
0     0000a1be  _PWM_setPeriodLoad                               
0     0000a1c2  _PWM_setPeriodHr                                 
0     0000a1c7  _PWM_setPeriod                                   
0     0000a1c9  _PWM_setLoadMode_CmpB                            
0     0000a1cf  _PWM_setLoadMode_CmpA                            
0     0000a1d3  _PWM_setIntPeriod                                
0     0000a1da  _PWM_setIntMode                                  
0     0000a1e1  _PWM_setHrShadowMode                             
0     0000a1eb  _PWM_setHrEdgeMode                               
0     0000a1f5  _PWM_setHrControlMode                            
0     0000a1ff  _PWM_setHighSpeedClkDiv                          
0     0000a203  _PWM_setDigitalCompareInput                      
0     0000a212  _PWM_setDigitalCompareFilterWindow               
0     0000a215  _PWM_setDigitalCompareFilterSource               
0     0000a21f  _PWM_setDigitalCompareFilterOffset               
0     0000a222  _PWM_setDigitalCompareBlankingPulse              
0     0000a22e  _PWM_setDigitalCompareBEvent2                    
0     0000a23e  _PWM_setDigitalCompareBEvent1                    
0     0000a258  _PWM_setDigitalCompareAEvent2                    
0     0000a268  _PWM_setDigitalCompareAEvent1                    
0     0000a282  _PWM_setDeadBandRisingEdgeDelay                  
0     0000a285  _PWM_setDeadBandPolarity                         
0     0000a28c  _PWM_setDeadBandOutputMode                       
0     0000a293  _PWM_setDeadBandInputMode                        
0     0000a29a  _PWM_setDeadBandFallingEdgeDelay                 
0     0000a29d  _PWM_setCounterMode                              
0     0000a2a1  _PWM_setCount                                    
0     0000a2a3  _PWM_setClkDiv                                   
0     0000a2a7  _PWM_setChoppingPulseWidth                       
0     0000a2ae  _PWM_setChoppingDutyCycle                        
0     0000a2b5  _PWM_setChoppingClkFreq                          
0     0000a2bc  _PWM_setActionQual_Zero_PwmB                     
0     0000a2c3  _PWM_setActionQual_Zero_PwmA                     
0     0000a2ca  _PWM_setActionQual_Period_PwmB                   
0     0000a2d3  _PWM_setActionQual_Period_PwmA                   
0     0000a2dc  _PWM_setActionQual_CntUp_CmpB_PwmB               
0     0000a2e5  _PWM_setActionQual_CntUp_CmpB_PwmA               
0     0000a2ee  _PWM_setActionQual_CntUp_CmpA_PwmB               
0     0000a2f7  _PWM_setActionQual_CntUp_CmpA_PwmA               
0     0000a300  _PWM_setActionQual_CntDown_CmpB_PwmB             
0     0000a309  _PWM_setActionQual_CntDown_CmpB_PwmA             
0     0000a312  _PWM_setActionQual_CntDown_CmpA_PwmB             
0     0000a31b  _PWM_setActionQual_CntDown_CmpA_PwmA             
0     0000a324  _PWM_setActionQualContSWForce_PwmB               
0     0000a32d  _PWM_setActionQualContSWForce_PwmA               
0     0000a334  _PWM_init                                        
0     0000a33a  _PWM_incrementDeadBandRisingEdgeDelay            
0     0000a33d  _PWM_incrementDeadBandFallingEdgeDelay           
0     0000a340  _PWM_getSocBCount                                
0     0000a345  _PWM_getSocACount                                
0     0000a34a  _PWM_getShadowStatus_CmpB                        
0     0000a34e  _PWM_getShadowStatus_CmpA                        
0     0000a352  _PWM_getIntCount                                 
0     0000a356  _PWM_getDeadBandRisingEdgeDelay                  
0     0000a359  _PWM_getDeadBandFallingEdgeDelay                 
0     0000a35c  _PWM_enableTripZoneSrc                           
0     0000a362  _PWM_enableTripZoneInt                           
0     0000a368  _PWM_enableSocBPulse                             
0     0000a36c  _PWM_enableSocAPulse                             
0     0000a370  _PWM_enableInt                                   
0     0000a374  _PWM_enableHrPhaseSync                           
0     0000a37b  _PWM_enableHrPeriod                              
0     0000a382  _PWM_enableDigitalCompareBlankingWindowInversion 
0     0000a389  _PWM_enableDigitalCompareBlankingWindow          
0     0000a390  _PWM_enableDeadBandHalfCycle                     
0     0000a394  _PWM_enableCounterLoad                           
0     0000a397  _PWM_enableChopping                              
0     0000a39b  _PWM_enableAutoConvert                           
0     0000a3a2  _PWM_disableTripZones                            
0     0000a3a8  _PWM_disableTripZoneSrc                          
0     0000a3af  _PWM_disableTripZoneInt                          
0     0000a3b6  _PWM_disableSocBPulse                            
0     0000a3ba  _PWM_disableSocAPulse                            
0     0000a3be  _PWM_disableInt                                  
0     0000a3c2  _PWM_disableHrPhaseSync                          
0     0000a3c9  _PWM_disableHrPeriod                             
0     0000a3d0  _PWM_disableDigitalCompareBlankingWindowInversion
0     0000a3d7  _PWM_disableDigitalCompareBlankingWindow         
0     0000a3de  _PWM_disableDeadBandHalfCycle                    
0     0000a3e2  _PWM_disableDeadBand                             
0     0000a3e5  _PWM_disableCounterLoad                          
0     0000a3e8  _PWM_disableChopping                             
0     0000a3ec  _PWM_disableAutoConvert                          
0     0000a3f3  _PWM_decrementDeadBandRisingEdgeDelay            
0     0000a3f6  _PWM_decrementDeadBandFallingEdgeDelay           
0     0000a3f9  _PWM_clearTripZone                               
0     0000a3ff  _DRV8301_writeSpi                                
0     0000a416  _DRV8301_writeData                               
0     0000a43f  _DRV8301_readSpi                                 
0     0000a477  _DRV8301_setupSpi                                
0     0000a4fe  _DRV8301_setSpiHandle                            
0     0000a500  _DRV8301_setShuntAmpGain                         
0     0000a514  _DRV8301_setPwmMode                              
0     0000a528  _DRV8301_setPeakCurrent                          
0     0000a53c  _DRV8301_setOcTwMode                             
0     0000a550  _DRV8301_setOcOffTimeMode                        
0     0000a564  _DRV8301_setOcMode                               
0     0000a578  _DRV8301_setOcLevel                              
0     0000a58c  _DRV8301_setGpioNumber                           
0     0000a58e  _DRV8301_setGpioHandle                           
0     0000a590  _DRV8301_setDcCalMode                            
0     0000a5af  _DRV8301_reset                                   
0     0000a5be  _DRV8301_readData                                
0     0000a634  _DRV8301_isReset                                 
0     0000a63b  _DRV8301_isFault                                 
0     0000a641  _DRV8301_init                                    
0     0000a64a  _DRV8301_getShuntAmpGain                         
0     0000a651  _DRV8301_getPwmMode                              
0     0000a658  _DRV8301_getPeakCurrent                          
0     0000a65f  _DRV8301_getOcTwMode                             
0     0000a666  _DRV8301_getOcOffTimeMode                        
0     0000a66d  _DRV8301_getOcMode                               
0     0000a674  _DRV8301_getOcLevel                              
0     0000a67b  _DRV8301_getId                                   
0     0000a681  _DRV8301_getFaultType                            
0     0000a69c  _DRV8301_getDcCalMode                            
0     0000a6ae  _DRV8301_enable                                  
0     0000a6d0  _ADC_setupSocTrigSrc                             
0     0000a6fa  _ADC_setVoltRefSrc                               
0     0000a70b  _ADC_setTempSensorSrc                            
0     0000a71c  _ADC_setSocTrigSrc                               
0     0000a730  _ADC_setSocSampleDelay                           
0     0000a744  _ADC_setSocFrcWord                               
0     0000a74e  _ADC_setSocFrc                                   
0     0000a75b  _ADC_setSocChanNumber                            
0     0000a76f  _ADC_setSampleOverlapMode                        
0     0000a782  _ADC_setSampleMode                               
0     0000a799  _ADC_setOffTrim                                  
0     0000a7a3  _ADC_setIntSrc                                   
0     0000a7c4  _ADC_setIntPulseGenMode                          
[...]
0     0000ae4c  _mainISR                                         
0     0000af13  _SPI_setTxFifoIntLevel                           
0     0000af1a  _SPI_setTxDelay                                  
0     0000af1d  _SPI_setTriWire                                  
0     0000af24  _SPI_setSuspend                                  
0     0000af2b  _SPI_setSteInv                                   
0     0000af32  _SPI_setRxFifoIntLevel                           
0     0000af39  _SPI_setPriority                                 
0     0000af40  _SPI_setMode                                     
0     0000af42  _SPI_setClkPolarity                              
0     0000af46  _SPI_setClkPhase                                 
0     0000af48  _SPI_setCharLength                               
0     0000af4c  _SPI_setBaudRate                                 
0     0000af4e  _SPI_resetTxFifo                                 
0     0000af52  _SPI_resetRxFifo                                 
0     0000af56  _SPI_resetChannels                               
0     0000af5a  _SPI_reset                                       
0     0000af5d  _SPI_init                                        
0     0000af63  _SPI_getTxFifoStatus                             
0     0000af67  _SPI_getTxBufferStatus                           
0     0000af6a  _SPI_getRxFifoStatus                             
0     0000af6e  _SPI_getIntFlagStatus                            
0     0000af71  _SPI_enableTxFifoInt                             
0     0000af75  _SPI_enableTxFifoEnh                             
0     0000af79  _SPI_enableTxFifo                                
0     0000af7d  _SPI_enableTx                                    
0     0000af80  _SPI_enableRxFifoInt                             
0     0000af84  _SPI_enableRxFifo                                
0     0000af88  _SPI_enableOverRunInt                            
0     0000af8b  _SPI_enableLoopBack                              
0     0000af8e  _SPI_enableInt                                   
0     0000af91  _SPI_enableChannels                              
0     0000af95  _SPI_enable                                      
0     0000af98  _SPI_disableTxFifoInt                            
0     0000af9c  _SPI_disableTxFifoEnh                            
0     0000afa0  _SPI_disableTx                                   
0     0000afa3  _SPI_disableRxFifoInt                            
0     0000afa7  _SPI_disableOverRunInt                           
0     0000afaa  _SPI_disableLoopBack                             
0     0000afad  _SPI_disableInt                                  
0     0000afb0  _SPI_clearTxFifoInt                              
0     0000afb4  _SPI_clearRxFifoOvf                              
0     0000afb8  _SPI_clearRxFifoInt                              
0     0000afbc  FD$$MPY                                          
0     0000b03f  FS$$DIV                                          
0     0000b0c2  FS$$SUB                                          
0     0000b0c7  FS$$ADD                                          
0     0000b13a  _sqrt                                            
0     0000b13a  _sqrtf                                           
0     0000b1b0  _ceil                                            
0     0000b1b0  _ceilf                                           
0     0000b219  _ldexp                                           
0     0000b219  _ldexpf                                          
0     0000b219  _scalbn                                          
0     0000b219  _scalbnf                                         
0     0000b282  _PLL_setLockPeriod                               
0     0000b287  _PLL_setDivideSelect                             
0     0000b28e  _PLL_setClkFreq                                  
0     0000b294  _PLL_resetClkDetect                              
0     0000b29a  _PLL_init                                        
0     0000b2a0  _PLL_getLockStatus                               
0     0000b2a3  _PLL_getDivideSelect                             
0     0000b2a6  _PLL_getClkStatus                                
0     0000b2a9  _PLL_getClkFreq                                  
0     0000b2ad  _PLL_enableOsc                                   
0     0000b2b3  _PLL_enableNormRdy                               
0     0000b2b9  _PLL_enableClkDetect                             
0     0000b2bf  _PLL_enable                                      
0     0000b2c5  _PLL_disableOsc                                  
0     0000b2cb  _PLL_disableNormRdy                              
0     0000b2d1  _PLL_disableClkDetect                            
0     0000b2d7  _PLL_disable                                     
0     0000b2dd  FS$$MPY                                          
0     0000b337  _c_int00                                         
0     0000b38b  _OFFSET_setOffset                                
0     0000b38d  _OFFSET_setInitCond                              
0     0000b39c  _OFFSET_setBeta                                  
0     0000b3b2  _OFFSET_init                                     
0     0000b3c3  _OFFSET_getBeta                                  
0     0000b3d2  _WDOG_setPreScaler                               
0     0000b3dc  _WDOG_setCount                                   
0     0000b3de  _WDOG_init                                       
0     0000b3e4  _WDOG_getIntStatus                               
0     0000b3e7  _WDOG_enableOverRide                             
0     0000b3ed  _WDOG_enableInt                                  
0     0000b3f3  _WDOG_enable                                     
0     0000b3fc  _WDOG_disableOverRide                            
0     0000b402  _WDOG_disableInt                                 
0     0000b408  _WDOG_disable                                    
0     0000b410  _WDOG_clearCounter                               
0     0000b418  _PWR_setNumStandByClocks                         
0     0000b429  _PWR_setLowPowerMode                             
0     0000b43a  _PWR_init                                        
0     0000b442  _PWR_enableWatchDogInt                           
0     0000b44c  _PWR_enableBrownOutReset                         
0     0000b44f  _PWR_disableWatchDogInt                          
0     0000b459  _PWR_disableBrownOutReset                        
0     0000b45c  _TIMER_setPreScaler                              
0     0000b46a  _TIMER_setEmulationMode                          
0     0000b46e  _TIMER_setDecimationFactor                       
0     0000b47c  _TIMER_init                                      
0     0000b482  _TIMER_getStatus                                 
0     0000b485  _TIMER_enableInt                                 
0     0000b488  _TIMER_disableInt                                
0     0000b48b  _TIMER_clearFlag                                 
0     0000b48e  _OSC_setTrim                                     
0     0000b497  _OSC_setFineTrim                                 
0     0000b4a8  _OSC_setCoarseTrim                               
0     0000b4b5  _OSC_init                                        
0     0000b4bb  C$$EXIT                                          
0     0000b4bb  _abort                                           
0     0000b4bd  _exit                                            
0     0000b4e4  _CPU_init                                        
0     0000b4e8  _CPU_enableProtectedRegisterWrite                
0     0000b4eb  _CPU_enableInt                                   
0     0000b4ef  _CPU_enableGlobalInts                            
0     0000b4f2  _CPU_enableDebugInt                              
0     0000b4f5  _CPU_disableProtectedRegisterWrite               
0     0000b4f8  _CPU_disableInts                                 
0     0000b4fb  _CPU_disableInt                                  
0     0000b500  _CPU_disableGlobalInts                           
0     0000b503  _CPU_disableDebugInt                             
0     0000b506  _CPU_clearIntFlags                               
0     0000b509  FS$$TOI                                          
0     0000b52e  _copy_in                                         
0     0000b552  _FILTER_FO_setNumCoeffs                          
0     0000b556  _FILTER_FO_setInitialConditions                  
0     0000b55b  _FILTER_FO_setDenCoeffs                          
0     0000b55d  _FILTER_FO_init                                  
0     0000b563  _FILTER_FO_getNumCoeffs                          
0     0000b569  _FILTER_FO_getInitialConditions                  
0     0000b570  _FILTER_FO_getDenCoeffs                          
0     0000b573  FS$$TOUL                                         
0     0000b594  _FLASH_init                                      
0     0000b59a  _FLASH_getStandbyWaitStatus                      
0     0000b59e  _FLASH_getStandbyWaitCount                       
0     0000b5a1  _FLASH_getPowerMode                              
0     0000b5a4  _FLASH_getActiveWaitStatus                       
0     0000b5a8  _FLASH_getActiveWaitCount                        
0     0000b5ab  _FLASH_get3VStatus                               
0     0000b5ae  _FLASH_clear3VStatus                             
0     0000b5b4  FD$$TOL                                          
0     0000b5d3  FS$$TOU                                          
0     0000b5f0  _memcpy                                          
0     0000b60d  FS$$TOFD                                         
0     0000b629  I$$TOFS                                          
0     0000b643  L$$TOFS                                          
0     0000b65d  __args_main                                      
0     0000b676  FS$$CMP                                          
0     0000b68d  UL$$TOFS                                         
0     0000b6a0  U$$TOFS                                          
0     0000b6b0  _copysign                                        
0     0000b6b0  _copysignf                                       
0     0000b6ba  __register_unlock                                
0     0000b6be  __register_lock                                  
0     0000b6c2  __nop                                            
0     0000b6cb  _PIE_illegalIsr                                  
0     0000b6d0  FS$$NEG                                          
0     0000b6d5  __system_pre_init                                
0     0000b6d7  __system_post_cinit                              
0     0000b6d8  ___TI_enable_exit_profile_output                 
0     0000b6d8  ___etext__                                       
0     0000b6d8  etext                                            
0     0000b6da  ___TI_cleanup_ptr                                
0     0000b6dc  ___TI_dtors_ptr                                  
0     0000b6de  __lock                                           
0     0000b6e0  __unlock                                         
0     0000b6e4  _cpu                                             
0     0000b6e5  _errno                                           
0     0000b700  _gCounter_updateGlobals                          
0     0000b701  _Flag_Latch_softwareUpdate                       
0     0000b702  _gLs_qFmt                                        
0     0000b703  _gLEDcnt                                         
0     0000b704  _gMax_Ls_qFmt                                    
0     0000b706  _gMaxCurrentSlope                                
0     0000b708  _halHandle                                       
0     0000b70a  _gLs_pu                                          
0     0000b70c  _controller_obj                                  
0     0000b70e  _ctrlHandle                                      
0     0000b710  _gPwmData                                        
0     0000b716  _gAdcData                                        
0     0000b724  _gDrvSpi8301Vars                                 
0     0000b740  _gMotorVars                                      
0     0000b7c0  _gUserParams                                     
0     0000b880  _hal                                             
0     0000b928  __IQ24sqrt                                       
0     0000b96a  __IQ24sinPU                                      
0     0000b993  __IQ24cosPU                                      
0     0000b9ba  __IQ30toF                                        
0     003fdc30  _IQsinTable                                      
0     003fdd30  _IQcosTable                                      
0     003fe030  _IQsinTableEnd                                   
0     003fe132  _IQcosTableEnd                                   
0     003fe132  _IQdivRoundSatTable                              
0     003fe140  _IQdivTable                                      
0     003fe342  _IQdivTableEnd                                   
0     003fe342  _IQisqrtRoundSatTable                            
0     003fe342  _IQsqrtRoundSatTable                             
0     003fe352  _IQisqrtTable                                    
0     003fe352  _IQsqrtTable                                     
0     003fe454  _IQatan2HalfPITable                              
0     003fe454  _IQisqrtTableEnd                                 
0     003fe454  _IQsqrtTableEnd                                  
0     003fe492  _IQatan2Table                                    
0     003fe618  _IQ30mpyRndSatTable                              
0     003fe618  _IQatan2TableEnd                                 
0     003fe618  _IQmpyRndSatTable                                
0     003fe624  _IQ29mpyRndSatTable                              
0     003fe630  _IQ28mpyRndSatTable                              
0     003fe63c  _IQ27mpyRndSatTable                              
0     003fe648  _IQ26mpyRndSatTable                              
0     003fe654  _IQ25mpyRndSatTable                              
0     003fe660  _IQ24mpyRndSatTable                              
0     003fe66c  _IQ23mpyRndSatTable                              
0     003fe678  _IQ22mpyRndSatTable                              
0     003fe684  _IQ21mpyRndSatTable                              
0     003fe690  _IQ20mpyRndSatTable                              
0     003fe69c  _IQ19mpyRndSatTable                              
0     003fe6a8  _IQ18mpyRndSatTable                              
0     003fe6b4  _IQ17mpyRndSatTable                              
0     003fe6c0  _IQ16mpyRndSatTable                              
0     003fe6cc  _IQ15mpyRndSatTable                              
0     003fe6d8  _IQ14mpyRndSatTable                              
0     003fe6e4  _IQ13mpyRndSatTable                              
0     003fe6f0  _IQ12mpyRndSatTable                              
0     003fe6fc  _IQ11mpyRndSatTable                              
0     003fe708  _IQ10mpyRndSatTable                              
0     003fe714  _IQ9mpyRndSatTable                               
0     003fe720  _IQ8mpyRndSatTable                               
0     003fe72c  _IQ7mpyRndSatTable                               
0     003fe738  _IQ6mpyRndSatTable                               
0     003fe744  _IQ5mpyRndSatTable                               
0     003fe750  _IQ4mpyRndSatTable                               
0     003fe75c  _IQ3mpyRndSatTable                               
0     003fe768  _IQ2mpyRndSatTable                               
0     003fe774  _IQ1mpyRndSatTable                               
0     003fe780  _IQmpyRndSatTableEnd                             
1     00000400  __stack                                          
1     000007b0  __STACK_END                                      
abs   00000036  _RamfuncsLoadSize                                
abs   000003b0  __STACK_SIZE                                     
abs   003f861b  _EST_getState                                    
abs   003f861d  _EST_useZeroIq_ref                               
abs   003f8679  _EST_isMotorIdentified                           
abs   003f86ad  _EST_computeDirection_qFmt                       
abs   003f8713  _EST_updateState                                 
abs   003f89f5  _EST_updateId_ref_pu                             
abs   003f8a18  _EST_setRs_pu                                    
abs   003f8adb  _EST_setMaxCurrentSlope_pu                       
abs   003f8ae7  _EST_setLs_q_pu                                  
abs   003f8af1  _EST_setLs_qFmt                                  
abs   003f8b45  _EST_setLs_d_pu                                  
abs   003f8b63  _EST_setIq_ref_pu                                
abs   003f8b67  _EST_setIdle_all                                 
abs   003f8b7a  _EST_setIdle                                     
abs   003f8b80  _EST_setId_ref_pu                                
abs   003f8bdb  _EST_setFlag_enableForceAngle                    
abs   003f8be4  _EST_setFe_pos_min_pu                            
abs   003f8be8  _EST_setFe_neg_max_pu                            
abs   003f8bf5  _EST_setDir_qFmt                                 
abs   003f8c0d  _EST_getAngle_pu                                 
abs   003f927b  _EST_run                                         
abs   003f9378  _EST_isOnLine                                    
abs   003f937f  _EST_isLockRotor                                 
abs   003f9386  _EST_isIdle                                      
abs   003f938d  _EST_isError                                     
abs   003f9453  _EST_get_pu_to_krpm_sf                           
abs   003f9458  _EST_get_krpm_to_pu_sf                           
abs   003f94c6  _EST_getSpeed_krpm                               
abs   003f9513  _EST_getRs_Ohm                                   
abs   003f95ad  _EST_getRr_Ohm                                   
abs   003f95b3  _EST_getOneOverDcBus_pu                          
abs   003f95bd  _EST_getMaxCurrentSlope_pu                       
abs   003f95c9  _EST_getLs_q_pu                                  
abs   003f95ce  _EST_getLs_q_H                                   
abs   003f95d3  _EST_getLs_qFmt                                  
abs   003f95f0  _EST_getLs_d_pu                                  
abs   003f95f5  _EST_getLs_d_H                                   
abs   003f95ff  _EST_getLs_coarse_max_pu                         
abs   003f9632  _EST_getIdRated                                  
abs   003f968e  _EST_getFm_pu                                    
abs   003f96ab  _EST_getFlux_pu                                  
abs   003f96be  _EST_getFlux_VpHz                                
abs   003f9758  _EST_doSpeedCtrl                                 
abs   003f9760  _EST_doCurrentCtrl                               
abs   003f9806  _CTRL_setupTraj                                  
abs   003f996a  _CTRL_setupEstOnLineState                        
abs   003f99a5  _CTRL_setupEstIdleState                          
abs   003f9b43  _CTRL_setupCtrl                                  
abs   003f9d31  _CTRL_setUserMotorParams                         
abs   003f9e64  _CTRL_setEstParams                               
abs   003fa5d1  _CTRL_runTraj                                    
abs   003fa6fb  _CTRL_initCtrl                                   
abs   003fa721  _CTRL_getVersion                                 
abs   ffffffff  ___TI_pprof_out_hndl                             
abs   ffffffff  ___TI_prof_data_size                             
abs   ffffffff  ___TI_prof_data_start                            
abs   ffffffff  ___binit__                                       
abs   ffffffff  ___c_args__                                      
abs   ffffffff  ___pinit__                                       
abs   ffffffff  binit                                            
abs   ffffffff  pinit                                            

[674 symbols]
